[LOG] FMOD_System_Create                       : Header version = 2.03.13. Current version = 2.03.13.
[LOG] system_create                            : Header version = 2.03.13. Current version = 2.03.13.
[LOG] SystemI::setOutputInternal               : Setting output to 'FMOD Core Audio Output'
[LOG] Manager::init                            : maxchannels = 256 studioflags = 00000006 flags 00000000 extradriverdata 0x0.
[LOG] SystemI::init                            : Initialize version=20313 (162576), maxchannels=256, flags=0x00020000
[LOG] OutputCoreAudio::init                    : Output running 2 channels at 48000Hz sample rate.
[LOG] OutputCoreAudio::init                    : Maximum hardware read size: 1024 samples, Software buffer size: 512 samples, Number of software buffers: 4.
[LOG] Thread::initThread                       : Init FMOD stream thread. Affinity: 0x4000000000000003, Priority: 0xFFFF7FFB, Stack Size: 98304, Semaphore: No, Sleep Time: 10, Looping: Yes.
[LOG] SystemI::DSPCodecPoolRegister            : register codec pool for pool type 0
[LOG] Thread::initThread                       : Init FMOD mixer thread. Affinity: 0x4000000000000001, Priority: 0xFFFF7FFA, Stack Size: 81920, Semaphore: Yes, Sleep Time: 0, Looping: Yes.
[LOG] AsyncManager::init                       : manager 0x144e11408 isAsync 0 updatePeriod 0.02
[LOG] AsyncManager::init                       : done
[LOG] PlaybackSystem::init                     : 
[LOG] Thread::initThread                       : Init FMOD Studio sample load thread. Affinity: 0x4000000000000003, Priority: 0xFFFF7FFD, Stack Size: 98304, Semaphore: No, Sleep Time: 1, Looping: No.
[LOG] PlaybackSystem::init                     : done
[LOG] Thread::initThread                       : Init FMOD Studio bank load thread. Affinity: 0x4000000000000003, Priority: 0xFFFF7FFD, Stack Size: 98304, Semaphore: No, Sleep Time: 1, Looping: No.
[LOG] Manager::init                            : done.
[LOG] BankLoader::serializeBank                : fileversion = 142, compatVersion = 140 (oldest = 44, newest = 146)
[LOG] BankLoader::serializeBank                : fileversion = 142, compatVersion = 140 (oldest = 44, newest = 146)
[LOG] PlaybackSystem::acquireMasterBus         : Setting master channel group format to 6
[LOG] BankLoader::serializeBank                : fileversion = 142, compatVersion = 140 (oldest = 44, newest = 146)
[LOG] SystemI::createSoundInternal             : Create name='', mode=0x02000202
[LOG] SystemI::createSoundInternal             : exinfo->cbsize             = 224
[LOG] SystemI::createSoundInternal             : exinfo->length             = 4619520
[LOG] SystemI::createSoundInternal             : exinfo->fileoffset         = 49056
[LOG] SystemI::createSoundInternal             : exinfo->numsubsounds       = 1
[LOG] SystemI::createSoundInternal             : exinfo->inclusionlist      = 0x16f9e67c4
[LOG] SystemI::createSoundInternal             : exinfo->inclusionlistnum   = 1
[LOG] SystemI::createSoundInternal             : exinfo->suggestedsoundtype = 5
[LOG] SystemI::createSoundInternal             : exinfo->useropen           = 0x367ad42f4
[LOG] SystemI::createSoundInternal             : exinfo->userclose          = 0x367ad43c8
[LOG] SystemI::createSoundInternal             : exinfo->userread           = 0x367ad4404
[LOG] SystemI::createSoundInternal             : exinfo->userseek           = 0x367ad44d4
[LOG] SystemI::createSoundInternal             : exinfo->fileuserdata       = 0x3e3238af8
[LOG] SystemI::createSoundInternal             : exinfo->initialseekpostype = 1
[LOG] SystemI::DSPCodecPoolRegister            : register codec pool for pool type 4
[LOG] SystemI::createSoundInternal             : Sample 0/1: name='AIRBrst_Fire Extinguisher_S6k15-33-2', format=5, channels=2, frequency=48000, lengthbytes=55296, lengthpcm=205824, pcmblocksize=0, loopstart=0, loopend=0, mode=0x00000000, channelmask=0x00000000, channelorder=0, peakvolume=0.620167.
[LOG] SystemI::createSoundInternal             : Create name='', mode=0x02000202
[LOG] SystemI::createSoundInternal             : exinfo->cbsize             = 224
[LOG] SystemI::createSoundInternal             : exinfo->length             = 4619520
[LOG] SystemI::createSoundInternal             : exinfo->fileoffset         = 49056
[LOG] SystemI::createSoundInternal             : exinfo->numsubsounds       = 1
[LOG] SystemI::createSoundInternal             : exinfo->inclusionlist      = 0x16f9e67c4
[LOG] SystemI::createSoundInternal             : exinfo->inclusionlistnum   = 1
[LOG] SystemI::createSoundInternal             : exinfo->suggestedsoundtype = 5
[LOG] SystemI::createSoundInternal             : exinfo->useropen           = 0x367ad42f4
[LOG] SystemI::createSoundInternal             : exinfo->userclose          = 0x367ad43c8
[LOG] SystemI::createSoundInternal             : exinfo->userread           = 0x367ad4404
[LOG] SystemI::createSoundInternal             : exinfo->userseek           = 0x367ad44d4
[LOG] SystemI::createSoundInternal             : exinfo->fileuserdata       = 0x3e3238af8
[LOG] SystemI::createSoundInternal             : exinfo->initialseekpostype = 1
[LOG] SystemI::DSPCodecPoolRegister            : register codec pool for pool type 4
[LOG] SystemI::createSoundInternal             : Sample 0/1: name='Chimey Can Rattle', format=5, channels=2, frequency=48000, lengthbytes=95008, lengthpcm=334664, pcmblocksize=0, loopstart=0, loopend=0, mode=0x00000000, channelmask=0x00000000, channelorder=0, peakvolume=0.380341.
[LOG] SystemI::createSound                     : filename = ../Cosmic-Shore/Cosmic Shore/Build/Desktop/SFX.bank : mode 02010081
[LOG] SystemI::createSound                     : FMOD_NONBLOCKING specified.  Putting into queue to be opened asynchronously!
[LOG] AsyncThread::getAsyncThread              : index = 0 / 5
[LOG] Thread::initThread                       : Init FMOD nonblocking thread (0). Affinity: 0x4000000000000003, Priority: 0xFFFF7FFC, Stack Size: 114688, Semaphore: Yes, Sleep Time: 0, Looping: Yes.
[LOG] AsyncThread::add                         : add sound to async queue : soundi = 0x36ba5a268, queue head = 0x36ba8efc8, queue count = 0
[LOG] AsyncThread::threadFunc                  : Starting Asynchronous operation on sound 0x36ba5a268
[LOG] SystemI::createSoundInternal             :     Create name='../Cosmic-Shore/Cosmic Shore/Build/Desktop/SFX.bank', mode=0x02010081
[LOG] SystemI::createSoundInternal             :     exinfo->cbsize             = 224
[LOG] SystemI::createSoundInternal             :     exinfo->length             = 4619520
[LOG] SystemI::createSoundInternal             :     exinfo->fileoffset         = 49056
[LOG] SystemI::createSound                     : filename = ../Cosmic-Shore/Cosmic Shore/Build/Desktop/SFX.bank : mode 02010081
[LOG] SystemI::createSound                     :     FMOD_NONBLOCKING specified.  Putting into queue to be opened asynchronously!
[LOG] SystemI::createSoundInternal             :     exinfo->numsubsounds       = 1
[LOG] SystemI::createSoundInternal             :     exinfo->inclusionlist      = 0x121640308
[LOG] SystemI::createSoundInternal             :     exinfo->inclusionlistnum   = 1
[LOG] SystemI::createSoundInternal             :     exinfo->suggestedsoundtype = 5
[LOG] SystemI::createSoundInternal             :     exinfo->initialseekpostype = 1
[LOG] AsyncThread::getAsyncThread              :     index = 0 / 5
[LOG] AsyncThread::add                         :     add sound to async queue : soundi = 0x3e60ed3b8, queue head = 0x36ba8efc8, queue count = 0
[LOG] SystemI::createSound                     :     filename = ../Cosmic-Shore/Cosmic Shore/Build/Desktop/SFX.bank : mode 02010081
[LOG] SystemI::createSound                     :     FMOD_NONBLOCKING specified.  Putting into queue to be opened asynchronously!
[LOG] AsyncThread::getAsyncThread              :     index = 0 / 5
[LOG] AsyncThread::add                         :     add sound to async queue : soundi = 0x3e60e2208, queue head = 0x36ba8efc8, queue count = 1
[LOG] SystemI::createSound                     :     filename = ../Cosmic-Shore/Cosmic Shore/Build/Desktop/SFX.bank : mode 02010081
[LOG] SystemI::createSound                     :     FMOD_NONBLOCKING specified.  Putting into queue to be opened asynchronously!
[LOG] AsyncThread::getAsyncThread              :     index = 0 / 5
[LOG] AsyncThread::add                         :     add sound to async queue : soundi = 0x3e60e1968, queue head = 0x36ba8efc8, queue count = 2
[LOG] SystemI::createSoundInternal             :     Stream 0/1: name='Cosmic shore Mass ship 1', format=5, channels=2, frequency=48000, lengthbytes=131232, lengthpcm=768000, pcmblocksize=0, loopstart=0, loopend=0, mode=0x00000000, channelmask=0x00000000, channelorder=0, peakvolume=0.220905.
[LOG] SystemI::createSound                     :     filename = ../Cosmic-Shore/Cosmic Shore/Build/Desktop/SFX.bank : mode 02010081
[LOG] SystemI::createSound                     :     FMOD_NONBLOCKING specified.  Putting into queue to be opened asynchronously!
[LOG] AsyncThread::getAsyncThread              :     index = 0 / 5
[LOG] AsyncThread::add                         :     add sound to async queue : soundi = 0x3e60d7178, queue head = 0x36ba8efc8, queue count = 3
[LOG] SystemI::createSound                     :     filename = ../Cosmic-Shore/Cosmic Shore/Build/Desktop/SFX.bank : mode 02010081
[LOG] SystemI::createSound                     :     FMOD_NONBLOCKING specified.  Putting into queue to be opened asynchronously!
[LOG] AsyncThread::getAsyncThread              :     index = 0 / 5
[LOG] AsyncThread::add                         :     add sound to async queue : soundi = 0x1216eb918, queue head = 0x36ba8efc8, queue count = 4
[LOG] SystemI::createSound                     :     filename = ../Cosmic-Shore/Cosmic Shore/Build/Desktop/SFX.bank : mode 02010081
[LOG] SystemI::createSound                     :     FMOD_NONBLOCKING specified.  Putting into queue to be opened asynchronously!
[LOG] AsyncThread::getAsyncThread              :     index = 0 / 5
[LOG] AsyncThread::add                         :     add sound to async queue : soundi = 0x1216e5b38, queue head = 0x36ba8efc8, queue count = 5
[LOG] SystemI::createSound                     :     filename = ../Cosmic-Shore/Cosmic Shore/Build/Desktop/SFX.bank : mode 02010081
[LOG] SystemI::createSound                     :     FMOD_NONBLOCKING specified.  Putting into queue to be opened asynchronously!
[LOG] AsyncThread::getAsyncThread              :     index = 0 / 5
[LOG] AsyncThread::add                         :     add sound to async queue : soundi = 0x1216a71f8, queue head = 0x36ba8efc8, queue count = 6
[LOG] Thread::initThread                       :     Init FMOD file thread. Affinity: 0x4000000000000003, Priority: 0xFFFF7FFC, Stack Size: 65536, Semaphore: No, Sleep Time: 10, Looping: Yes.
[LOG] AsyncThread::threadFunc                  : Finished Asynchronous operation on sound 0x36ba5a268
[LOG] AsyncThread::threadFunc                  : Starting Asynchronous operation on sound 0x3e60ed3b8
[LOG] SystemI::createSoundInternal             :     Create name='../Cosmic-Shore/Cosmic Shore/Build/Desktop/SFX.bank', mode=0x02010081
[LOG] SystemI::createSoundInternal             :     exinfo->cbsize             = 224
[LOG] SystemI::createSoundInternal             :     exinfo->length             = 4619520
[LOG] SystemI::createSoundInternal             :     exinfo->fileoffset         = 49056
[LOG] SystemI::createSoundInternal             :     exinfo->numsubsounds       = 1
[LOG] SystemI::createSoundInternal             :     exinfo->inclusionlist      = 0x3e60daf18
[LOG] SystemI::createSoundInternal             :     exinfo->inclusionlistnum   = 1
[LOG] SystemI::createSoundInternal             :     exinfo->suggestedsoundtype = 5
[LOG] SystemI::createSoundInternal             :     exinfo->initialseekpostype = 1
[LOG] SystemI::createSound                     :     filename = ../Cosmic-Shore/Cosmic Shore/Build/Desktop/SFX.bank : mode 02010081
[LOG] SystemI::createSound                     :     FMOD_NONBLOCKING specified.  Putting into queue to be opened asynchronously!
[LOG] AsyncThread::getAsyncThread              :     index = 0 / 5
[LOG] AsyncThread::add                         :     add sound to async queue : soundi = 0x16ae88b98, queue head = 0x36ba8efc8, queue count = 6
[LOG] SystemI::createSoundInternal             :     Stream 0/1: name='Cosmic shore Mass ship 2', format=5, channels=2, frequency=48000, lengthbytes=94368, lengthpcm=768000, pcmblocksize=0, loopstart=0, loopend=0, mode=0x00000000, channelmask=0x00000000, channelorder=0, peakvolume=0.187553.
[LOG] SystemI::createSound                     :     filename = ../Cosmic-Shore/Cosmic Shore/Build/Desktop/SFX.bank : mode 02010081
[LOG] SystemI::createSound                     :     FMOD_NONBLOCKING specified.  Putting into queue to be opened asynchronously!
[LOG] AsyncThread::getAsyncThread              :     index = 0 / 5
[LOG] AsyncThread::add                         :     add sound to async queue : soundi = 0x12169cd58, queue head = 0x36ba8efc8, queue count = 7
[LOG] AsyncThread::threadFunc                  : Finished Asynchronous operation on sound 0x3e60ed3b8
[LOG] AsyncThread::threadFunc                  : Starting Asynchronous operation on sound 0x3e60e2208
[LOG] SystemI::createSoundInternal             :     Create name='../Cosmic-Shore/Cosmic Shore/Build/Desktop/SFX.bank', mode=0x02010081
[LOG] SystemI::createSoundInternal             :     exinfo->cbsize             = 224
[LOG] SystemI::createSoundInternal             :     exinfo->length             = 4619520
[LOG] SystemI::createSoundInternal             :     exinfo->fileoffset         = 49056
[LOG] SystemI::createSoundInternal             :     exinfo->numsubsounds       = 1
[LOG] SystemI::createSoundInternal             :     exinfo->inclusionlist      = 0x3e60b76f8
[LOG] SystemI::createSoundInternal             :     exinfo->inclusionlistnum   = 1
[LOG] SystemI::createSoundInternal             :     exinfo->suggestedsoundtype = 5
[LOG] SystemI::createSoundInternal             :     exinfo->initialseekpostype = 1
[LOG] SystemI::createSound                     :     filename = ../Cosmic-Shore/Cosmic Shore/Build/Desktop/SFX.bank : mode 02010081
[LOG] SystemI::createSound                     :     FMOD_NONBLOCKING specified.  Putting into queue to be opened asynchronously!
[LOG] AsyncThread::getAsyncThread              :     index = 0 / 5
[LOG] AsyncThread::add                         :     add sound to async queue : soundi = 0x12168ff08, queue head = 0x36ba8efc8, queue count = 7
[LOG] SystemI::createSound                     :     filename = ../Cosmic-Shore/Cosmic Shore/Build/Desktop/SFX.bank : mode 02010081
[LOG] SystemI::createSound                     :     FMOD_NONBLOCKING specified.  Putting into queue to be opened asynchronously!
[LOG] AsyncThread::getAsyncThread              :     index = 0 / 5
[LOG] AsyncThread::add                         :     add sound to async queue : soundi = 0x121661138, queue head = 0x36ba8efc8, queue count = 8
[LOG] SystemI::createSoundInternal             :     Stream 0/1: name='Cosmic shore Mass ship 4', format=5, channels=2, frequency=48000, lengthbytes=104800, lengthpcm=768000, pcmblocksize=0, loopstart=0, loopend=0, mode=0x00000000, channelmask=0x00000000, channelorder=0, peakvolume=0.086629.
[LOG] SystemI::createSound                     :     filename = ../Cosmic-Shore/Cosmic Shore/Build/Desktop/SFX.bank : mode 02010082
[LOG] SystemI::createSound                     :     FMOD_NONBLOCKING specified.  Putting into queue to be opened asynchronously!
[LOG] AsyncThread::getAsyncThread              :     index = 0 / 5
[LOG] AsyncThread::add                         :     add sound to async queue : soundi = 0x1216d1bb8, queue head = 0x36ba8efc8, queue count = 9
[LOG] SystemI::createSound                     :     filename = ../Cosmic-Shore/Cosmic Shore/Build/Desktop/SFX.bank : mode 02010081
[LOG] SystemI::createSound                     :     FMOD_NONBLOCKING specified.  Putting into queue to be opened asynchronously!
[LOG] AsyncThread::getAsyncThread              :     index = 0 / 5
[LOG] AsyncThread::add                         :     add sound to async queue : soundi = 0x121699b28, queue head = 0x36ba8efc8, queue count = 10
[LOG] SystemI::createSound                     :     filename = ../Cosmic-Shore/Cosmic Shore/Build/Desktop/SFX.bank : mode 02010081
[LOG] SystemI::createSound                     :     FMOD_NONBLOCKING specified.  Putting into queue to be opened asynchronously!
[LOG] AsyncThread::getAsyncThread              :     index = 0 / 5
[LOG] AsyncThread::add                         :     add sound to async queue : soundi = 0x121632098, queue head = 0x36ba8efc8, queue count = 11
[LOG] SystemI::createSound                     :     filename = ../Cosmic-Shore/Cosmic Shore/Build/Desktop/SFX.bank : mode 02010081
[LOG] SystemI::createSound                     :     FMOD_NONBLOCKING specified.  Putting into queue to be opened asynchronously!
[LOG] AsyncThread::getAsyncThread              :     index = 0 / 5
[LOG] AsyncThread::add                         :     add sound to async queue : soundi = 0x3fd3f00f8, queue head = 0x36ba8efc8, queue count = 12
[LOG] AsyncThread::threadFunc                  : Finished Asynchronous operation on sound 0x3e60e2208
[LOG] AsyncThread::threadFunc                  : Starting Asynchronous operation on sound 0x3e60e1968
[LOG] SystemI::createSoundInternal             :     Create name='../Cosmic-Shore/Cosmic Shore/Build/Desktop/SFX.bank', mode=0x02010081
[LOG] SystemI::createSoundInternal             :     exinfo->cbsize             = 224
[LOG] SystemI::createSoundInternal             :     exinfo->length             = 4619520
[LOG] SystemI::createSoundInternal             :     exinfo->fileoffset         = 49056
[LOG] SystemI::createSoundInternal             :     exinfo->numsubsounds       = 1
[LOG] SystemI::createSoundInternal             :     exinfo->inclusionlist      = 0x3e60a4798
[LOG] SystemI::createSoundInternal             :     exinfo->inclusionlistnum   = 1
[LOG] SystemI::createSoundInternal             :     exinfo->suggestedsoundtype = 5
[LOG] SystemI::createSoundInternal             :     exinfo->initialseekpostype = 1
[LOG] SystemI::createSoundInternal             :     Stream 0/1: name='Cosmic shore Mass ship 3', format=5, channels=2, frequency=48000, lengthbytes=87040, lengthpcm=576000, pcmblocksize=0, loopstart=0, loopend=0, mode=0x00000000, channelmask=0x00000000, channelorder=0, peakvolume=0.247685.
[LOG] AsyncThread::threadFunc                  : Finished Asynchronous operation on sound 0x3e60e1968
[LOG] AsyncThread::threadFunc                  : Starting Asynchronous operation on sound 0x3e60d7178
[LOG] SystemI::createSoundInternal             :     Create name='../Cosmic-Shore/Cosmic Shore/Build/Desktop/SFX.bank', mode=0x02010081
[LOG] SystemI::createSoundInternal             :     exinfo->cbsize             = 224
[LOG] SystemI::createSoundInternal             :     exinfo->length             = 4619520
[LOG] SystemI::createSoundInternal             :     exinfo->fileoffset         = 49056
[LOG] SystemI::createSoundInternal             :     exinfo->numsubsounds       = 1
[LOG] SystemI::createSoundInternal             :     exinfo->inclusionlist      = 0x3e60f63c8
[LOG] SystemI::createSoundInternal             :     exinfo->inclusionlistnum   = 1
[LOG] SystemI::createSoundInternal             :     exinfo->suggestedsoundtype = 5
[LOG] SystemI::createSoundInternal             :     exinfo->initialseekpostype = 1
[LOG] SystemI::createSoundInternal             :     Stream 0/1: name='Cosmic shore Mass ship 5', format=5, channels=2, frequency=48000, lengthbytes=84416, lengthpcm=768000, pcmblocksize=0, loopstart=0, loopend=0, mode=0x00000000, channelmask=0x00000000, channelorder=0, peakvolume=0.706184.
[LOG] AsyncThread::threadFunc                  : Finished Asynchronous operation on sound 0x3e60d7178
[LOG] AsyncThread::threadFunc                  : Starting Asynchronous operation on sound 0x1216eb918
[LOG] SystemI::createSoundInternal             :     Create name='../Cosmic-Shore/Cosmic Shore/Build/Desktop/SFX.bank', mode=0x02010081
[LOG] SystemI::createSoundInternal             :     exinfo->cbsize             = 224
[LOG] SystemI::createSoundInternal             :     exinfo->length             = 4619520
[LOG] SystemI::createSoundInternal             :     exinfo->fileoffset         = 49056
[LOG] SystemI::createSoundInternal             :     exinfo->numsubsounds       = 1
[LOG] SystemI::createSoundInternal             :     exinfo->inclusionlist      = 0x1216ea8a8
[LOG] SystemI::createSoundInternal             :     exinfo->inclusionlistnum   = 1
[LOG] SystemI::createSoundInternal             :     exinfo->suggestedsoundtype = 5
[LOG] SystemI::createSoundInternal             :     exinfo->initialseekpostype = 1
[LOG] SystemI::createSoundInternal             :     Stream 0/1: name='Cosmic shore Charge 2 ship', format=5, channels=2, frequency=48000, lengthbytes=221376, lengthpcm=1056000, pcmblocksize=0, loopstart=0, loopend=0, mode=0x00000000, channelmask=0x00000000, channelorder=0, peakvolume=0.299525.
[LOG] AsyncThread::threadFunc                  : Finished Asynchronous operation on sound 0x1216eb918
[LOG] AsyncThread::threadFunc                  : Starting Asynchronous operation on sound 0x1216e5b38
[LOG] SystemI::createSoundInternal             :     Create name='../Cosmic-Shore/Cosmic Shore/Build/Desktop/SFX.bank', mode=0x02010081
[LOG] SystemI::createSoundInternal             :     exinfo->cbsize             = 224
[LOG] SystemI::createSoundInternal             :     exinfo->length             = 4619520
[LOG] SystemI::createSoundInternal             :     exinfo->fileoffset         = 49056
[LOG] SystemI::createSoundInternal             :     exinfo->numsubsounds       = 1
[LOG] SystemI::createSoundInternal             :     exinfo->inclusionlist      = 0x1216dca08
[LOG] SystemI::createSoundInternal             :     exinfo->inclusionlistnum   = 1
[LOG] SystemI::createSoundInternal             :     exinfo->suggestedsoundtype = 5
[LOG] SystemI::createSoundInternal             :     exinfo->initialseekpostype = 1
[LOG] SystemI::createSoundInternal             :     Stream 0/1: name='Cosmic shore Charge 3 ship', format=5, channels=2, frequency=48000, lengthbytes=226464, lengthpcm=1056000, pcmblocksize=0, loopstart=0, loopend=0, mode=0x00000000, channelmask=0x00000000, channelorder=0, peakvolume=0.211294.
[LOG] AsyncThread::threadFunc                  : Finished Asynchronous operation on sound 0x1216e5b38
[LOG] AsyncThread::threadFunc                  : Starting Asynchronous operation on sound 0x1216a71f8
[LOG] SystemI::createSoundInternal             :     Create name='../Cosmic-Shore/Cosmic Shore/Build/Desktop/SFX.bank', mode=0x02010081
[LOG] SystemI::createSoundInternal             :     exinfo->cbsize             = 224
[LOG] SystemI::createSoundInternal             :     exinfo->length             = 4619520
[LOG] SystemI::createSoundInternal             :     exinfo->fileoffset         = 49056
[LOG] SystemI::createSoundInternal             :     exinfo->numsubsounds       = 1
[LOG] SystemI::createSoundInternal             :     exinfo->inclusionlist      = 0x1216a26b8
[LOG] SystemI::createSoundInternal             :     exinfo->inclusionlistnum   = 1
[LOG] SystemI::createSoundInternal             :     exinfo->suggestedsoundtype = 5
[LOG] SystemI::createSoundInternal             :     exinfo->initialseekpostype = 1
[LOG] SystemI::createSoundInternal             :     Stream 0/1: name='Cosmic shore Charge 1 ship', format=5, channels=2, frequency=48000, lengthbytes=153184, lengthpcm=1056000, pcmblocksize=0, loopstart=0, loopend=0, mode=0x00000000, channelmask=0x00000000, channelorder=0, peakvolume=0.282109.
[LOG] AsyncThread::threadFunc                  : Finished Asynchronous operation on sound 0x1216a71f8
[LOG] AsyncThread::threadFunc                  : Starting Asynchronous operation on sound 0x16ae88b98
[LOG] SystemI::createSoundInternal             :     Create name='../Cosmic-Shore/Cosmic Shore/Build/Desktop/SFX.bank', mode=0x02010081
[LOG] SystemI::createSoundInternal             :     exinfo->cbsize             = 224
[LOG] SystemI::createSoundInternal             :     exinfo->length             = 4619520
[LOG] SystemI::createSoundInternal             :     exinfo->fileoffset         = 49056
[LOG] SystemI::createSoundInternal             :     exinfo->numsubsounds       = 1
[LOG] SystemI::createSoundInternal             :     exinfo->inclusionlist      = 0x16ae3d088
[LOG] SystemI::createSoundInternal             :     exinfo->inclusionlistnum   = 1
[LOG] SystemI::createSoundInternal             :     exinfo->suggestedsoundtype = 5
[LOG] SystemI::createSoundInternal             :     exinfo->initialseekposition = 1625
[LOG] SystemI::createSoundInternal             :     exinfo->initialseekpostype = 1
[LOG] SystemI::createSoundInternal             :     Stream 0/1: name='VEHInt_Bus City Transit_S6k33-08', format=5, channels=2, frequency=48000, lengthbytes=642656, lengthpcm=2587648, pcmblocksize=0, loopstart=0, loopend=0, mode=0x00000000, channelmask=0x00000000, channelorder=0, peakvolume=0.465376.
[LOG] AsyncThread::threadFunc                  : Finished Asynchronous operation on sound 0x16ae88b98
[LOG] AsyncThread::threadFunc                  : Starting Asynchronous operation on sound 0x12169cd58
[LOG] SystemI::createSoundInternal             :     Create name='../Cosmic-Shore/Cosmic Shore/Build/Desktop/SFX.bank', mode=0x02010081
[LOG] SystemI::createSoundInternal             :     exinfo->cbsize             = 224
[LOG] SystemI::createSoundInternal             :     exinfo->length             = 4619520
[LOG] SystemI::createSoundInternal             :     exinfo->fileoffset         = 49056
[LOG] SystemI::createSoundInternal             :     exinfo->numsubsounds       = 1
[LOG] SystemI::createSoundInternal             :     exinfo->inclusionlist      = 0x1216723e8
[LOG] SystemI::createSoundInternal             :     exinfo->inclusionlistnum   = 1
[LOG] SystemI::createSoundInternal             :     exinfo->suggestedsoundtype = 5
[LOG] SystemI::createSoundInternal             :     exinfo->initialseekposition = 45233
[LOG] SystemI::createSoundInternal             :     exinfo->initialseekpostype = 1
[LOG] SystemI::createSoundInternal             :     Stream 0/1: name='AEROJet_Airplane Jet_S6k01-50', format=5, channels=2, frequency=48000, lengthbytes=738304, lengthpcm=2898432, pcmblocksize=0, loopstart=0, loopend=0, mode=0x00000000, channelmask=0x00000000, channelorder=0, peakvolume=0.304375.
[LOG] AsyncThread::threadFunc                  : Finished Asynchronous operation on sound 0x12169cd58
[LOG] AsyncThread::threadFunc                  : Starting Asynchronous operation on sound 0x12168ff08
[LOG] SystemI::createSoundInternal             :     Create name='../Cosmic-Shore/Cosmic Shore/Build/Desktop/SFX.bank', mode=0x02010081
[LOG] SystemI::createSoundInternal             :     exinfo->cbsize             = 224
[LOG] SystemI::createSoundInternal             :     exinfo->length             = 4619520
[LOG] SystemI::createSoundInternal             :     exinfo->fileoffset         = 49056
[LOG] SystemI::createSoundInternal             :     exinfo->numsubsounds       = 1
[LOG] SystemI::createSoundInternal             :     exinfo->inclusionlist      = 0x12164b808
[LOG] SystemI::createSoundInternal             :     exinfo->inclusionlistnum   = 1
[LOG] SystemI::createSoundInternal             :     exinfo->suggestedsoundtype = 5
[LOG] SystemI::createSoundInternal             :     exinfo->initialseekpostype = 1
[LOG] SystemI::createSoundInternal             :     Stream 0/1: name='Cosmic shore time ship 2', format=5, channels=2, frequency=48000, lengthbytes=378592, lengthpcm=1152000, pcmblocksize=0, loopstart=0, loopend=0, mode=0x00000000, channelmask=0x00000000, channelorder=0, peakvolume=0.299671.
[LOG] AsyncThread::threadFunc                  : Finished Asynchronous operation on sound 0x12168ff08
[LOG] AsyncThread::threadFunc                  : Starting Asynchronous operation on sound 0x121661138
[LOG] SystemI::createSoundInternal             :     Create name='../Cosmic-Shore/Cosmic Shore/Build/Desktop/SFX.bank', mode=0x02010081
[LOG] SystemI::createSoundInternal             :     exinfo->cbsize             = 224
[LOG] SystemI::createSoundInternal             :     exinfo->length             = 4619520
[LOG] SystemI::createSoundInternal             :     exinfo->fileoffset         = 49056
[LOG] SystemI::createSoundInternal             :     exinfo->numsubsounds       = 1
[LOG] SystemI::createSoundInternal             :     exinfo->inclusionlist      = 0x121613dc8
[LOG] SystemI::createSoundInternal             :     exinfo->inclusionlistnum   = 1
[LOG] SystemI::createSoundInternal             :     exinfo->suggestedsoundtype = 5
[LOG] SystemI::createSoundInternal             :     exinfo->initialseekpostype = 1
[LOG] SystemI::createSoundInternal             :     Stream 0/1: name='Cosmic shore time ship 1', format=5, channels=2, frequency=48000, lengthbytes=211104, lengthpcm=1152000, pcmblocksize=0, loopstart=0, loopend=0, mode=0x00000000, channelmask=0x00000000, channelorder=0, peakvolume=0.490547.
[LOG] AsyncThread::threadFunc                  : Finished Asynchronous operation on sound 0x121661138
[LOG] AsyncThread::threadFunc                  : Starting Asynchronous operation on sound 0x1216d1bb8
[LOG] SystemI::createSoundInternal             :     Create name='../Cosmic-Shore/Cosmic Shore/Build/Desktop/SFX.bank', mode=0x02010082
[LOG] SystemI::createSoundInternal             :     exinfo->cbsize             = 224
[LOG] SystemI::createSoundInternal             :     exinfo->length             = 4619520
[LOG] SystemI::createSoundInternal             :     exinfo->fileoffset         = 49056
[LOG] SystemI::createSoundInternal             :     exinfo->numsubsounds       = 1
[LOG] SystemI::createSoundInternal             :     exinfo->inclusionlist      = 0x121680ff8
[LOG] SystemI::createSoundInternal             :     exinfo->inclusionlistnum   = 1
[LOG] SystemI::createSoundInternal             :     exinfo->suggestedsoundtype = 5
[LOG] SystemI::createSoundInternal             :     exinfo->initialseekpostype = 1
[LOG] SystemI::createSoundInternal             :     Stream 0/1: name='space ship ambience', format=5, channels=2, frequency=48000, lengthbytes=374080, lengthpcm=1317323, pcmblocksize=0, loopstart=0, loopend=0, mode=0x00000000, channelmask=0x00000000, channelorder=0, peakvolume=0.351136.
[LOG] AsyncThread::threadFunc                  : Finished Asynchronous operation on sound 0x1216d1bb8
[LOG] AsyncThread::threadFunc                  : Starting Asynchronous operation on sound 0x121699b28
[LOG] SystemI::createSoundInternal             :     Create name='../Cosmic-Shore/Cosmic Shore/Build/Desktop/SFX.bank', mode=0x02010081
[LOG] SystemI::createSoundInternal             :     exinfo->cbsize             = 224
[LOG] SystemI::createSoundInternal             :     exinfo->length             = 4619520
[LOG] SystemI::createSoundInternal             :     exinfo->fileoffset         = 49056
[LOG] SystemI::createSoundInternal             :     exinfo->numsubsounds       = 1
[LOG] SystemI::createSoundInternal             :     exinfo->inclusionlist      = 0x121671ca8
[LOG] SystemI::createSoundInternal             :     exinfo->inclusionlistnum   = 1
[LOG] SystemI::createSoundInternal             :     exinfo->suggestedsoundtype = 5
[LOG] SystemI::createSoundInternal             :     exinfo->initialseekpostype = 1
[LOG] SystemI::createSoundInternal             :     Stream 0/1: name='Cosmic shore space ship 3', format=5, channels=2, frequency=48000, lengthbytes=286432, lengthpcm=1536000, pcmblocksize=0, loopstart=0, loopend=0, mode=0x00000000, channelmask=0x00000000, channelorder=0, peakvolume=0.165801.
[LOG] AsyncThread::threadFunc                  : Finished Asynchronous operation on sound 0x121699b28
[LOG] AsyncThread::threadFunc                  : Starting Asynchronous operation on sound 0x121632098
[LOG] SystemI::createSoundInternal             :     Create name='../Cosmic-Shore/Cosmic Shore/Build/Desktop/SFX.bank', mode=0x02010081
[LOG] SystemI::createSoundInternal             :     exinfo->cbsize             = 224
[LOG] SystemI::createSoundInternal             :     exinfo->length             = 4619520
[LOG] SystemI::createSoundInternal             :     exinfo->fileoffset         = 49056
[LOG] SystemI::createSoundInternal             :     exinfo->numsubsounds       = 1
[LOG] SystemI::createSoundInternal             :     exinfo->inclusionlist      = 0x12166dcf8
[LOG] SystemI::createSoundInternal             :     exinfo->inclusionlistnum   = 1
[LOG] SystemI::createSoundInternal             :     exinfo->suggestedsoundtype = 5
[LOG] SystemI::createSoundInternal             :     exinfo->initialseekpostype = 1
[LOG] SystemI::createSoundInternal             :     Stream 0/1: name='Cosmic shore space ship 2', format=5, channels=2, frequency=48000, lengthbytes=414944, lengthpcm=1536000, pcmblocksize=0, loopstart=0, loopend=0, mode=0x00000000, channelmask=0x00000000, channelorder=0, peakvolume=0.022193.
[LOG] AsyncThread::threadFunc                  : Finished Asynchronous operation on sound 0x121632098
[LOG] AsyncThread::threadFunc                  : Starting Asynchronous operation on sound 0x3fd3f00f8
[LOG] SystemI::createSoundInternal             :     Create name='../Cosmic-Shore/Cosmic Shore/Build/Desktop/SFX.bank', mode=0x02010081
[LOG] SystemI::createSoundInternal             :     exinfo->cbsize             = 224
[LOG] SystemI::createSoundInternal             :     exinfo->length             = 4619520
[LOG] SystemI::createSoundInternal             :     exinfo->fileoffset         = 49056
[LOG] SystemI::createSoundInternal             :     exinfo->numsubsounds       = 1
[LOG] SystemI::createSoundInternal             :     exinfo->inclusionlist      = 0x3fd3f6828
[LOG] SystemI::createSoundInternal             :     exinfo->inclusionlistnum   = 1
[LOG] SystemI::createSoundInternal             :     exinfo->suggestedsoundtype = 5
[LOG] SystemI::createSoundInternal             :     exinfo->initialseekpostype = 1
[LOG] SystemI::createSoundInternal             :     Stream 0/1: name='Cosmic shore space ship 4', format=5, channels=2, frequency=48000, lengthbytes=315616, lengthpcm=1536000, pcmblocksize=0, loopstart=0, loopend=0, mode=0x00000000, channelmask=0x00000000, channelorder=0, peakvolume=0.038890.
[LOG] AsyncThread::threadFunc                  : Finished Asynchronous operation on sound 0x3fd3f00f8
[LOG] SoundI::release                          : Cosmic shore space ship 4 (0x3fd3f00f8)
[LOG] SoundI::release                          :     Cosmic shore space ship 4 (0x16ae5b878)
[LOG] SoundI::release                          :     Cosmic shore space ship 4 (0x16ae9f968)
[LOG] SoundI::release                          : Cosmic shore space ship 2 (0x121632098)
[LOG] SoundI::release                          :     Cosmic shore space ship 2 (0x1216dea48)
[LOG] SoundI::release                          :     Cosmic shore space ship 2 (0x1216dff38)
[LOG] SoundI::release                          : Cosmic shore space ship 3 (0x121699b28)
[LOG] SoundI::release                          :     Cosmic shore space ship 3 (0x367f234e8)
[LOG] SoundI::release                          :     Cosmic shore space ship 3 (0x140a795d8)
[LOG] SoundI::release                          : space ship ambience (0x1216d1bb8)
[LOG] SoundI::release                          :     space ship ambience (0x1216929d8)
[LOG] SoundI::release                          :     space ship ambience (0x121641828)
[LOG] SoundI::release                          : Cosmic shore time ship 1 (0x121661138)
[LOG] SoundI::release                          :     Cosmic shore time ship 1 (0x3b43fb9e8)
[LOG] SoundI::release                          :     Cosmic shore time ship 1 (0x3b43d2c08)
[LOG] SoundI::release                          : Cosmic shore time ship 2 (0x12168ff08)
[LOG] SoundI::release                          :     Cosmic shore time ship 2 (0x3738d64e8)
[LOG] SoundI::release                          :     Cosmic shore time ship 2 (0x140ac66a8)
[LOG] SoundI::release                          : AEROJet_Airplane Jet_S6k01-50 (0x12169cd58)
[LOG] SoundI::release                          :     AEROJet_Airplane Jet_S6k01-50 (0x367f1b4f8)
[LOG] SoundI::release                          :     AEROJet_Airplane Jet_S6k01-50 (0x140a95888)
[LOG] SoundI::release                          : VEHInt_Bus City Transit_S6k33-08 (0x16ae88b98)
[LOG] SoundI::release                          :     VEHInt_Bus City Transit_S6k33-08 (0x16ae39de8)
[LOG] SoundI::release                          :     VEHInt_Bus City Transit_S6k33-08 (0x32b856928)
[LOG] SoundI::release                          : Cosmic shore Charge 1 ship (0x1216a71f8)
[LOG] SoundI::release                          :     Cosmic shore Charge 1 ship (0x367f34138)
[LOG] SoundI::release                          :     Cosmic shore Charge 1 ship (0x140aa4828)
[LOG] SoundI::release                          : Cosmic shore Charge 3 ship (0x1216e5b38)
[LOG] SoundI::release                          :     Cosmic shore Charge 3 ship (0x367f39528)
[LOG] SoundI::release                          :     Cosmic shore Charge 3 ship (0x140ae98b8)
[LOG] SoundI::release                          : Cosmic shore Charge 2 ship (0x1216eb918)
[LOG] SoundI::release                          :     Cosmic shore Charge 2 ship (0x367f64468)
[LOG] SoundI::release                          :     Cosmic shore Charge 2 ship (0x3ce6066c8)
[LOG] SoundI::release                          : Cosmic shore Mass ship 5 (0x3e60d7178)
[LOG] SoundI::release                          :     Cosmic shore Mass ship 5 (0x367fb5568)
[LOG] SoundI::release                          :     Cosmic shore Mass ship 5 (0x3ce62cec8)
[LOG] SoundI::release                          : Cosmic shore Mass ship 3 (0x3e60e1968)
[LOG] SoundI::release                          :     Cosmic shore Mass ship 3 (0x367fc4fd8)
[LOG] SoundI::release                          :     Cosmic shore Mass ship 3 (0x3ce6584b8)
[LOG] SoundI::release                          : Cosmic shore Mass ship 4 (0x3e60e2208)
[LOG] SoundI::release                          :     Cosmic shore Mass ship 4 (0x16ae363c8)
[LOG] SoundI::release                          :     Cosmic shore Mass ship 4 (0x16aeae578)
[LOG] SoundI::release                          : Cosmic shore Mass ship 2 (0x3e60ed3b8)
[LOG] SoundI::release                          :     Cosmic shore Mass ship 2 (0x367fca208)
[LOG] SoundI::release                          :     Cosmic shore Mass ship 2 (0x3ce635f48)
[LOG] SoundI::release                          : Cosmic shore Mass ship 1 (0x36ba5a268)
[LOG] SoundI::release                          :     Cosmic shore Mass ship 1 (0x32cd3dbc8)
[LOG] SoundI::release                          :     Cosmic shore Mass ship 1 (0x3fc680ff8)
[LOG] SoundI::release                          :  (0x3a01f51b8)
[LOG] SoundI::release                          :     Chimey Can Rattle (0x367fcf548)
[LOG] SoundI::release                          :  (0x36ba591d8)
[LOG] SoundI::release                          :     AIRBrst_Fire Extinguisher_S6k15-33-2 (0x1216b4118)
[LOG] Thread::callback                         : FMOD Studio bank load thread finished.
[LOG] Thread::callback                         : FMOD Studio sample load thread finished.
[LOG] LiveUpdate::release                      : 
[LOG] LiveUpdate::reset                        : Reset connection (reason Disconnected)
[LOG] Thread::callback                         : FMOD stream thread finished.
[LOG] Thread::callback                         : FMOD mixer thread finished.
[LOG] SystemI::closeInternal                   : Closed.
[LOG] Thread::callback                         : FMOD nonblocking thread (0) finished.
[LOG] Thread::callback                         : FMOD file thread finished.
