  seed 7: 16/16  (192s)
  seed 23: 15/16  (372s)
  seed 41: 14/16  (553s)
  seed 101: 14/16  (733s)
  lossless {'deaths': 0, 'per_1k': 0.0}  perf {'ms_per_step': 6.984, 'grown_n': 134}  organic True (planar 0.053)  smoothness 0.522  (813.9s)
PASS  accurate seed 7 passed           16/16 vs 16/16
PASS  accurate seed 7 no lost test     -
FAIL  accurate seed 7 own losses       own time 4.0 > 3.46
PASS  accurate seed 23 passed          15/16 vs 15/16
PASS  accurate seed 23 no lost test    -
PASS  accurate seed 23 own losses      -
FAIL  accurate seed 41 passed          14/16 vs 15/16
FAIL  accurate seed 41 no lost test    time->space
FAIL  accurate seed 41 own losses      own time 3.46 > 2.9
FAIL  accurate seed 101 passed         14/16 vs 15/16
FAIL  accurate seed 101 no lost test   charge->time
PASS  accurate seed 101 own losses     -
PASS  lossless                         0 deaths
PASS  organic band                     {'jerk_rel': True, 'osc': True, 'stuck': True, 'planar': True}
PASS  organic planar                   0.053 vs 0.024
PASS  smoothness                       0.522 vs 0.51
PASS  smooth lurch                     6.44 vs 6.26
FAIL  smooth teleport                  1.717 vs 1.322
PASS  smooth molt_burst                0.182 vs 0.182
PASS  smooth birth_burst               0.291 vs 0.291
PASS  smooth deaths                    0 vs 0
perf {'ms_per_step': 6.984, 'grown_n': 134} (baseline {'ms_per_step': 8.415, 'grown_n': 134})
