{"cond": "grazer", "attn": false, "k": 1, "hits_per_min": 0.0, "jerk_rel": 0.116, "coherence": 0.79, "burstiness": 1.03, "heading_to_pilot": 0.526, "near_frac": 0.014, "turn_deg_s": 93.525, "turn_p95": 107.125, "ms_step": 9.305}
{"cond": "grazer", "attn": false, "k": 2, "hits_per_min": 0.0, "jerk_rel": 0.111, "coherence": 0.704, "burstiness": 1.54, "heading_to_pilot": 0.334, "near_frac": 0.014, "turn_deg_s": 86.175, "turn_p95": 100.235, "ms_step": 8.635}
{"cond": "grazer", "attn": false, "k": 4, "hits_per_min": 0.0, "jerk_rel": 0.089, "coherence": 0.653, "burstiness": 1.7, "heading_to_pilot": 0.352, "near_frac": 0.013, "turn_deg_s": 77.375, "turn_p95": 87.935, "ms_step": 7.905}
{"cond": "grazer", "attn": false, "k": 8, "hits_per_min": 0.0, "jerk_rel": 0.068, "coherence": 0.552, "burstiness": 1.16, "heading_to_pilot": 0.27, "near_frac": 0.013, "turn_deg_s": 67.205, "turn_p95": 77.365, "ms_step": 7.645}
{"cond": "grazer", "attn": false, "k": 16, "hits_per_min": 0.0, "jerk_rel": 0.042, "coherence": 0.488, "burstiness": 1.43, "heading_to_pilot": 0.125, "near_frac": 0.012, "turn_deg_s": 45.625, "turn_p95": 53.57, "ms_step": 7.975}
{"cond": "locust_frenzy", "attn": false, "k": 1, "hits_per_min": 47.5, "jerk_rel": 0.228, "coherence": 0.852, "burstiness": 1.0, "heading_to_pilot": -0.351, "near_frac": 0.816, "turn_deg_s": 148.815, "turn_p95": 168.185, "ms_step": 17.44}
{"cond": "locust_frenzy", "attn": false, "k": 2, "hits_per_min": 47.0, "jerk_rel": 0.247, "coherence": 0.835, "burstiness": 1.0, "heading_to_pilot": 0.13, "near_frac": 0.815, "turn_deg_s": 154.21, "turn_p95": 177.31, "ms_step": 15.695}
{"cond": "locust_frenzy", "attn": false, "k": 4, "hits_per_min": 38.5, "jerk_rel": 0.184, "coherence": 0.831, "burstiness": 1.0, "heading_to_pilot": 0.441, "near_frac": 0.794, "turn_deg_s": 106.68, "turn_p95": 131.655, "ms_step": 14.41}
{"cond": "locust_frenzy", "attn": false, "k": 8, "hits_per_min": 18.5, "jerk_rel": 0.105, "coherence": 0.825, "burstiness": 1.0, "heading_to_pilot": 0.639, "near_frac": 0.497, "turn_deg_s": 60.055, "turn_p95": 84.845, "ms_step": 14.315}
{"cond": "locust_frenzy", "attn": false, "k": 16, "hits_per_min": 6.5, "jerk_rel": 0.057, "coherence": 0.657, "burstiness": 1.05, "heading_to_pilot": 0.655, "near_frac": 0.049, "turn_deg_s": 39.315, "turn_p95": 57.93, "ms_step": 14.155}
{"cond": "grazer", "attn": true, "k": 1, "hits_per_min": 0.0, "jerk_rel": 0.116, "coherence": 0.79, "burstiness": 1.03, "heading_to_pilot": 0.526, "near_frac": 0.014, "turn_deg_s": 93.525, "turn_p95": 107.125, "ms_step": 8.875}
{"cond": "grazer", "attn": true, "k": 2, "hits_per_min": 0.0, "jerk_rel": 0.114, "coherence": 0.736, "burstiness": 1.4, "heading_to_pilot": 0.514, "near_frac": 0.014, "turn_deg_s": 86.525, "turn_p95": 101.41, "ms_step": 8.43}
{"cond": "grazer", "attn": true, "k": 4, "hits_per_min": 0.0, "jerk_rel": 0.112, "coherence": 0.736, "burstiness": 1.03, "heading_to_pilot": 0.427, "near_frac": 0.013, "turn_deg_s": 86.855, "turn_p95": 100.65, "ms_step": 8.16}
{"cond": "grazer", "attn": true, "k": 8, "hits_per_min": 0.0, "jerk_rel": 0.104, "coherence": 0.7, "burstiness": 1.62, "heading_to_pilot": 0.443, "near_frac": 0.014, "turn_deg_s": 80.365, "turn_p95": 98.91, "ms_step": 7.82}
{"cond": "grazer", "attn": true, "k": 16, "hits_per_min": 0.0, "jerk_rel": 0.075, "coherence": 0.596, "burstiness": 1.895, "heading_to_pilot": 0.333, "near_frac": 0.013, "turn_deg_s": 62.425, "turn_p95": 89.08, "ms_step": 8.405}
{"cond": "locust_frenzy", "attn": true, "k": 1, "hits_per_min": 47.5, "jerk_rel": 0.228, "coherence": 0.852, "burstiness": 1.0, "heading_to_pilot": -0.351, "near_frac": 0.816, "turn_deg_s": 148.815, "turn_p95": 168.185, "ms_step": 22.225}
{"cond": "locust_frenzy", "attn": true, "k": 2, "hits_per_min": 48.0, "jerk_rel": 0.226, "coherence": 0.847, "burstiness": 1.0, "heading_to_pilot": -0.35, "near_frac": 0.798, "turn_deg_s": 146.255, "turn_p95": 163.48, "ms_step": 18.585}
{"cond": "locust_frenzy", "attn": true, "k": 4, "hits_per_min": 48.0, "jerk_rel": 0.226, "coherence": 0.842, "burstiness": 1.0, "heading_to_pilot": -0.36, "near_frac": 0.816, "turn_deg_s": 146.22, "turn_p95": 162.935, "ms_step": 19.29}
{"cond": "locust_frenzy", "attn": true, "k": 8, "hits_per_min": 48.0, "jerk_rel": 0.225, "coherence": 0.841, "burstiness": 1.0, "heading_to_pilot": -0.356, "near_frac": 0.807, "turn_deg_s": 146.135, "turn_p95": 163.76, "ms_step": 18.285}
{"cond": "locust_frenzy", "attn": true, "k": 16, "hits_per_min": 48.0, "jerk_rel": 0.222, "coherence": 0.823, "burstiness": 1.0, "heading_to_pilot": -0.356, "near_frac": 0.815, "turn_deg_s": 142.535, "turn_p95": 159.51, "ms_step": 16.865}
