  cute gen  0 best 0.980 sigma 0.276
  cute gen  1 best 0.984 sigma 0.255
  cute gen  2 best 0.987 sigma 0.234
  cute gen  3 best 0.984 sigma 0.217
  cute gen  4 best 0.978 sigma 0.210
  cute gen  5 best 0.984 sigma 0.208
  cute gen  6 best 0.990 sigma 0.205
  cute gen  7 best 0.990 sigma 0.201
  cute gen  8 best 0.996 sigma 0.205
  cute gen  9 best 0.993 sigma 0.206
  cute gen 10 best 0.992 sigma 0.204
  cute gen 11 best 0.994 sigma 0.205
  cute gen 12 best 0.996 sigma 0.198
  cute gen 13 best 0.995 sigma 0.183
  cute gen 14 best 0.995 sigma 0.174
  cute gen 15 best 0.996 sigma 0.164
  cute gen 16 best 0.996 sigma 0.154
  cute gen 17 best 0.996 sigma 0.145
cute {"fitness": 0.996, "val_fitness": 0.995, "val_hit": 1.0, "val_agree": 1.0, "params": {"n": 1, "size": 3.169, "aspect": 1.0, "vmax": 34.389, "approach": 0.051, "d0": 61.415, "orbit": 1.0, "ar_amp": 0.596, "ar_period": 3.549, "bounce_amp": 37.254, "bounce_hz": 3.146, "sync": 0.463, "noise": 0.455, "still_duty": 0.078, "still_period": 2.879, "rigid": 0.4, "spread": 47.315, "face": 0.843, "pace": 0.886, "sneak": 0.14}} | random 0.667
  playful gen  0 best 0.306 sigma 0.278
  playful gen  1 best 0.488 sigma 0.262
  playful gen  2 best 0.485 sigma 0.246
  playful gen  3 best 0.318 sigma 0.233
  playful gen  4 best 0.475 sigma 0.224
  playful gen  5 best 0.462 sigma 0.211
  playful gen  6 best 0.626 sigma 0.201
  playful gen  7 best 0.493 sigma 0.192
  playful gen  8 best 0.475 sigma 0.181
  playful gen  9 best 0.529 sigma 0.171
  playful gen 10 best 0.642 sigma 0.169
  playful gen 11 best 0.565 sigma 0.162
  playful gen 12 best 0.729 sigma 0.159
  playful gen 13 best 0.722 sigma 0.155
  playful gen 14 best 0.648 sigma 0.148
  playful gen 15 best 0.749 sigma 0.141
  playful gen 16 best 0.704 sigma 0.137
  playful gen 17 best 0.672 sigma 0.131
playful {"fitness": 0.749, "val_fitness": 0.693, "val_hit": 0.889, "val_agree": 0.889, "params": {"n": 8, "size": 4.971, "aspect": 2.306, "vmax": 16.287, "approach": -0.184, "d0": 100.556, "orbit": 0.202, "ar_amp": 0.409, "ar_period": 2.183, "bounce_amp": 40.0, "bounce_hz": 0.701, "sync": 0.616, "noise": 0.801, "still_duty": 0.0, "still_period": 6.402, "rigid": 0.007, "spread": 157.345, "face": 0.413, "pace": 0.0, "sneak": 0.68}} | random 0.389
  eerie gen  0 best 0.362 sigma 0.282
  eerie gen  1 best 0.407 sigma 0.271
  eerie gen  2 best 0.380 sigma 0.257
  eerie gen  3 best 0.359 sigma 0.246
  eerie gen  4 best 0.608 sigma 0.242
  eerie gen  5 best 0.438 sigma 0.242
  eerie gen  6 best 0.541 sigma 0.247
  eerie gen  7 best 0.632 sigma 0.248
  eerie gen  8 best 0.629 sigma 0.252
  eerie gen  9 best 0.655 sigma 0.253
  eerie gen 10 best 0.774 sigma 0.243
  eerie gen 11 best 0.728 sigma 0.230
  eerie gen 12 best 0.687 sigma 0.221
  eerie gen 13 best 0.716 sigma 0.207
  eerie gen 14 best 0.719 sigma 0.194
  eerie gen 15 best 0.721 sigma 0.190
  eerie gen 16 best 0.742 sigma 0.180
  eerie gen 17 best 0.734 sigma 0.173
eerie {"fitness": 0.774, "val_fitness": 0.746, "val_hit": 1.0, "val_agree": 1.0, "params": {"n": 120, "size": 1.5, "aspect": 2.057, "vmax": 29.587, "approach": 0.91, "d0": 39.387, "orbit": 0.282, "ar_amp": 1.0, "ar_period": 5.004, "bounce_amp": 11.666, "bounce_hz": 0.1, "sync": 0.519, "noise": 0.369, "still_duty": 0.8, "still_period": 1.0, "rigid": 0.586, "spread": 175.784, "face": 1.0, "pace": 1.054, "sneak": 0.278}} | random 1.0
  majestic gen  0 best 0.800 sigma 0.277
  majestic gen  1 best 0.694 sigma 0.262
  majestic gen  2 best 0.819 sigma 0.246
  majestic gen  3 best 0.811 sigma 0.240
  majestic gen  4 best 0.649 sigma 0.235
  majestic gen  5 best 0.823 sigma 0.230
  majestic gen  6 best 0.828 sigma 0.223
  majestic gen  7 best 0.836 sigma 0.217
  majestic gen  8 best 0.802 sigma 0.209
  majestic gen  9 best 0.822 sigma 0.202
  majestic gen 10 best 0.845 sigma 0.199
  majestic gen 11 best 0.827 sigma 0.199
  majestic gen 12 best 0.905 sigma 0.195
  majestic gen 13 best 0.866 sigma 0.191
  majestic gen 14 best 0.874 sigma 0.190
  majestic gen 15 best 0.847 sigma 0.186
  majestic gen 16 best 0.915 sigma 0.182
  majestic gen 17 best 0.921 sigma 0.174
majestic {"fitness": 0.921, "val_fitness": 0.813, "val_hit": 1.0, "val_agree": 1.0, "params": {"n": 1, "size": 1.5, "aspect": 2.282, "vmax": 23.83, "approach": -0.284, "d0": 51.09, "orbit": 0.838, "ar_amp": 0.434, "ar_period": 1.944, "bounce_amp": 23.697, "bounce_hz": 0.1, "sync": 0.0, "noise": 0.791, "still_duty": 0.0, "still_period": 7.031, "rigid": 0.96, "spread": 186.978, "face": 0.451, "pace": 0.346, "sneak": 0.903}} | random 1.0
  menacing gen  0 best 0.211 sigma 0.278
  menacing gen  1 best 0.417 sigma 0.265
  menacing gen  2 best 0.522 sigma 0.259
  menacing gen  3 best 0.455 sigma 0.255
  menacing gen  4 best 0.441 sigma 0.249
  menacing gen  5 best 0.544 sigma 0.245
  menacing gen  6 best 0.634 sigma 0.242
  menacing gen  7 best 0.650 sigma 0.234
  menacing gen  8 best 0.726 sigma 0.230
  menacing gen  9 best 0.727 sigma 0.218
  menacing gen 10 best 0.746 sigma 0.218
  menacing gen 11 best 0.743 sigma 0.221
  menacing gen 12 best 0.803 sigma 0.221
  menacing gen 13 best 0.771 sigma 0.214
  menacing gen 14 best 0.821 sigma 0.221
  menacing gen 15 best 0.850 sigma 0.217
  menacing gen 16 best 0.857 sigma 0.216
  menacing gen 17 best 0.849 sigma 0.214
menacing {"fitness": 0.857, "val_fitness": 0.854, "val_hit": 1.0, "val_agree": 1.0, "params": {"n": 2, "size": 10.76, "aspect": 4.0, "vmax": 52.418, "approach": 0.456, "d0": 436.356, "orbit": 0.869, "ar_amp": 0.0, "ar_period": 10.0, "bounce_amp": 15.412, "bounce_hz": 0.354, "sync": 0.0, "noise": 0.257, "still_duty": 0.742, "still_period": 2.861, "rigid": 0.268, "spread": 38.994, "face": 0.958, "pace": 0.407, "sneak": 0.052}} | random 1.0
  terrifying gen  0 best 0.184 sigma 0.281
  terrifying gen  1 best 0.320 sigma 0.276
  terrifying gen  2 best 0.545 sigma 0.275
  terrifying gen  3 best 0.578 sigma 0.281
  terrifying gen  4 best 0.614 sigma 0.281
  terrifying gen  5 best 0.582 sigma 0.276
  terrifying gen  6 best 0.602 sigma 0.270
  terrifying gen  7 best 0.586 sigma 0.262
  terrifying gen  8 best 0.580 sigma 0.251
  terrifying gen  9 best 0.711 sigma 0.240
  terrifying gen 10 best 0.738 sigma 0.233
  terrifying gen 11 best 0.822 sigma 0.241
  terrifying gen 12 best 0.822 sigma 0.245
  terrifying gen 13 best 0.964 sigma 0.245
  terrifying gen 14 best 0.899 sigma 0.241
  terrifying gen 15 best 0.990 sigma 0.236
  terrifying gen 16 best 0.971 sigma 0.231
  terrifying gen 17 best 0.992 sigma 0.223
terrifying {"fitness": 0.992, "val_fitness": 0.864, "val_hit": 1.0, "val_agree": 1.0, "params": {"n": 106, "size": 25.356, "aspect": 2.071, "vmax": 160.0, "approach": 1.0, "d0": 15.0, "orbit": 0.623, "ar_amp": 0.041, "ar_period": 2.26, "bounce_amp": 29.371, "bounce_hz": 0.454, "sync": 0.718, "noise": 0.0, "still_duty": 0.345, "still_period": 2.368, "rigid": 0.447, "spread": 5.0, "face": 0.644, "pace": 1.3, "sneak": 0.384}} | random 1.0
