snaptrap anchor R 0.9735 Rh 0.9218 hits 4.167 tel_p10 0.86 cp 0.16 cpb 1.142 prisms 1733.333
snaptrap time R 0.9239 Rh 0.8681 hits 3.0 tel_p10 0.71 cp 0.222 cpb 1.089 prisms 1767.667
snaptrap mass R 0.9353 Rh 0.8729 hits 4.0 tel_p10 0.45 cp 0.083 cpb 1.155 prisms 1439.667
snaptrap space R 0.9379 Rh 0.8617 hits 6.0 tel_p10 1.05 cp 0.0 cpb 1.095 prisms 1672.0
snaptrap charge R 0.9735 Rh 0.9283 hits 4.0 tel_p10 0.84 cp 0.167 cpb 1.163 prisms 1743.333
spores anchor R 0.9737 Rh 0.9088 hits 1.667 tel_p10 2.93 cp 0.0 cpb 0.958 prisms 1440.0
spores time R 0.9625 Rh 0.8985 hits 1.667 tel_p10 5.0 cp 0.0 cpb 0.972 prisms 1949.333
spores mass R 0.8617 Rh 0.7327 hits 0.5 tel_p10 5.0 cp 0.0 cpb 1.029 prisms 1220.0
spores space R 1.0 Rh 0.9257 hits 3.833 tel_p10 4.18 cp 0.0 cpb 1.052 prisms 1716.0
spores charge R 0.9167 Rh 0.84 hits 1.833 tel_p10 3.2 cp 0.0 cpb 1.237 prisms 1422.333
walker anchor R 0.9554 Rh 0.8583 hits 9.167 tel_p10 1.88 cp 0.0 cpb 2.864 prisms 1988.333
walker time R 0.9878 Rh 0.8903 hits 6.833 tel_p10 2.0 cp 0.073 cpb 2.857 prisms 2430.333
walker mass R 0.986 Rh 0.8993 hits 6.833 tel_p10 2.4 cp 0.0 cpb 3.059 prisms 1393.667
walker space R 0.7478 Rh 0.4677 hits 9.5 tel_p10 2.0 cp 0.035 cpb 8.0 prisms 1248.0
walker charge R 0.9878 Rh 0.892 hits 6.833 tel_p10 2.0 cp 0.0 cpb 2.64 prisms 1972.0
coral anchor R 0.6439 Rh 0.4832 hits 3.833 tel_p10 1.5 cp 0.087 cpb 0.22 prisms 5080.667
coral time R 0.6585 Rh 0.4929 hits 3.833 tel_p10 1.4 cp 0.043 cpb 0.22 prisms 5069.667
coral mass R 0.309 Rh 0.2555 hits 1.167 tel_p10 0.0 cp 0.571 cpb 0.305 prisms 3080.333
coral space R 0.5947 Rh 0.4376 hits 4.167 tel_p10 1.6 cp 0.04 cpb 0.214 prisms 5338.0
coral charge R 0.6085 Rh 0.4207 hits 7.667 tel_p10 0.49 cp 0.043 cpb 0.22 prisms 5074.0
physarum anchor R 0.9789 Rh 0.9094 hits 1.333 tel_p10 3.6 cp 0.375 cpb 2.143 prisms 1745.667
physarum time R 0.9499 Rh 0.8859 hits 2.167 tel_p10 0.92 cp 0.154 cpb 2.5 prisms 1808.0
physarum mass R 0.7237 Rh 0.4598 hits 0.333 tel_p10 0.9 cp 0.0 cpb 5.0 prisms 1057.667
physarum space R 1.0 Rh 0.9168 hits 1.833 tel_p10 0.9 cp 0.0 cpb 3.0 prisms 1698.667
physarum charge R 0.9841 Rh 0.9517 hits 2.167 tel_p10 3.88 cp 0.0 cpb 1.875 prisms 1748.667
