start 1.0575999999999999 {"threat": 1.0, "counterplay": 1.0, "telegraph": 1.0, "payoff": 0.01, "variety": 1.0, "access": 1.0, "presence": 1.0, "adapt": 0.727}
0 obj 1.1137 R 0.5623 Rh 0.5514 best 1.1137 KEPT {"t_erupt": 0.5773, "n_walkers": 16} {"threat": 1.0, "counterplay": 1.0, "telegraph": 1.0, "payoff": 0.01, "variety": 1.0, "access": 1.0, "presence": 1.0, "adapt": 1.0}
1 obj 0.9875 R 0.5157 Rh 0.4718 best 1.1137  {"t_erupt": 0.6598, "sense": 201.8403} {"threat": 1.0, "counterplay": 1.0, "telegraph": 1.0, "payoff": 0.01, "variety": 1.0, "access": 1.0, "presence": 1.0, "adapt": 0.5}
2 obj 1.0935 R 0.5621 Rh 0.5314 best 1.1137  {"thorn": 72.6727, "t_hold": 0.6158} {"threat": 1.0, "counterplay": 1.0, "telegraph": 1.0, "payoff": 0.01, "variety": 1.0, "access": 1.0, "presence": 0.996, "adapt": 1.0}
3 obj 1.1177 R 0.5623 Rh 0.5554 best 1.1137  {"speed": 9.0641} {"threat": 1.0, "counterplay": 1.0, "telegraph": 1.0, "payoff": 0.01, "variety": 1.0, "access": 1.0, "presence": 1.0, "adapt": 1.0}
4 obj 1.1047 R 0.5623 Rh 0.5424 best 1.1137  {"t_erupt": 0.6406} {"threat": 1.0, "counterplay": 1.0, "telegraph": 1.0, "payoff": 0.01, "variety": 1.0, "access": 1.0, "presence": 1.0, "adapt": 1.0}
5 obj 1.0748 R 0.5623 Rh 0.5125 best 1.1137  {"t_erupt": 0.7489, "n_walkers": 13, "prime": 83.5578} {"threat": 1.0, "counterplay": 1.0, "telegraph": 1.0, "payoff": 0.01, "variety": 1.0, "access": 1.0, "presence": 1.0, "adapt": 1.0}
6 obj 1.0955 R 0.5623 Rh 0.5332 best 1.1137  {"prime": 198.9485} {"threat": 1.0, "counterplay": 1.0, "telegraph": 1.0, "payoff": 0.01, "variety": 1.0, "access": 1.0, "presence": 1.0, "adapt": 1.0}
7 obj 1.1144 R 0.5623 Rh 0.5521 best 1.1137  {"tell": 167.4266} {"threat": 1.0, "counterplay": 1.0, "telegraph": 1.0, "payoff": 0.01, "variety": 1.0, "access": 1.0, "presence": 1.0, "adapt": 1.0}
8 obj 1.0991 R 0.5623 Rh 0.5368 best 1.1137  {"speed": 7.8864} {"threat": 1.0, "counterplay": 1.0, "telegraph": 1.0, "payoff": 0.01, "variety": 1.0, "access": 1.0, "presence": 1.0, "adapt": 1.0}
9 obj 1.5887 R 0.8992 Rh 0.6895 best 1.5887 KEPT {"t_erupt": 0.5773, "n_walkers": 16, "speed": 7.8321, "prime": 140.0398, "strike": 55.7759} {"threat": 1.0, "counterplay": 1.0, "telegraph": 1.0, "payoff": 0.449, "variety": 1.0, "access": 1.0, "presence": 1.0, "adapt": 0.953}
10 obj 1.1476 R 0.6524 Rh 0.4952 best 1.5887  {"strike": 68.051, "tell": 94.1599, "sense": 124.5357} {"threat": 1.0, "counterplay": 1.0, "telegraph": 1.0, "payoff": 0.037, "variety": 1.0, "access": 1.0, "presence": 1.0, "adapt": 0.887}
11 obj 1.6423 R 0.9142 Rh 0.7281 best 1.6423 KEPT {"t_erupt": 0.5773, "n_walkers": 16, "speed": 7.8321, "prime": 140.0398, "strike": 55.7759, "r_body": 26.0861} {"threat": 1.0, "counterplay": 1.0, "telegraph": 1.0, "payoff": 0.488, "variety": 1.0, "access": 1.0, "presence": 1.0, "adapt": 1.0}
12 obj 1.2884 R 0.7722 Rh 0.5162 best 1.6423  {"n_walkers": 13, "t_hold": 1.0065, "tell": 70.1849} {"threat": 0.961, "counterplay": 1.0, "telegraph": 1.0, "payoff": 0.132, "variety": 1.0, "access": 1.0, "presence": 1.0, "adapt": 1.0}
13 obj 1.1265 R 0.7157 Rh 0.4108 best 1.6423  {"prime": 149.7942, "strike": 74.242, "sense": 189.8934} {"threat": 0.855, "counterplay": 1.0, "telegraph": 0.686, "payoff": 0.235, "variety": 1.0, "access": 1.0, "presence": 1.0, "adapt": 0.5}
14 obj 1.3899 R 0.8525 Rh 0.5374 best 1.6423  {"n_walkers": 14, "tell": 129.5414, "t_hold": 0.7539} {"threat": 0.906, "counterplay": 1.0, "telegraph": 1.0, "payoff": 0.308, "variety": 1.0, "access": 1.0, "presence": 1.0, "adapt": 1.0}
15 obj 1.2244 R 0.7413 Rh 0.4831 best 1.6423  {"thorn": 79.0358} {"threat": 1.0, "counterplay": 1.0, "telegraph": 1.0, "payoff": 0.132, "variety": 1.0, "access": 1.0, "presence": 0.941, "adapt": 0.737}
16 obj 1.6542 R 0.9142 Rh 0.74 best 1.6542 KEPT {"t_erupt": 0.5773, "n_walkers": 16, "speed": 7.8321, "prime": 140.0398, "strike": 55.7759, "r_body": 26.0861, "tell": 82.4097} {"threat": 1.0, "counterplay": 1.0, "telegraph": 1.0, "payoff": 0.488, "variety": 1.0, "access": 1.0, "presence": 1.0, "adapt": 1.0}
17 obj 1.5325 R 0.8774 Rh 0.6551 best 1.6542  {"t_erupt": 0.661, "speed": 7.6992, "r_body": 31.6713} {"threat": 1.0, "counterplay": 1.0, "telegraph": 1.0, "payoff": 0.351, "variety": 1.0, "access": 1.0, "presence": 1.0, "adapt": 1.0}
18 obj 1.2899 R 0.7887 Rh 0.5012 best 1.6542  {"r_body": 27.3325} {"threat": 0.889, "counterplay": 1.0, "telegraph": 1.0, "payoff": 0.169, "variety": 1.0, "access": 1.0, "presence": 1.0, "adapt": 1.0}
19 obj 1.7317 R 0.9325 Rh 0.7992 best 1.7317 KEPT {"t_erupt": 0.5773, "n_walkers": 16, "speed": 10.3666, "prime": 140.0398, "strike": 55.7759, "r_body": 26.0861, "tell": 82.4097, "thorn": 57.8965} {"threat": 1.0, "counterplay": 1.0, "telegraph": 0.871, "payoff": 0.656, "variety": 1.0, "access": 1.0, "presence": 1.0, "adapt": 1.0}
BEST 1.7317 {"t_erupt": 0.5773, "n_walkers": 16, "speed": 10.3666, "prime": 140.0398, "strike": 55.7759, "r_body": 26.0861, "tell": 82.4097, "thorn": 57.8965}
