pack       wander  hits/min   5.66  kills/min   0.00  ms/step 2.92
pack       evader  hits/min   0.00  kills/min   0.00  ms/step 2.77
pack       hunter  hits/min   2.56  kills/min   4.67  ms/step 1.82
thief      wander  hits/min  29.44  kills/min   0.00  ms/step 2.97
thief      evader  hits/min   5.33  kills/min   0.00  ms/step 2.97
thief      hunter  hits/min  56.11  kills/min   5.89  ms/step 2.81
locust     wander  hits/min  28.89  kills/min   0.00  ms/step 24.40
locust     evader  hits/min   0.00  kills/min   0.00  ms/step 25.40
locust     hunter  hits/min   8.89  kills/min  30.00  ms/step 21.20
lurker     wander  hits/min   0.45  kills/min   0.00  ms/step 4.67
lurker     evader  hits/min   0.00  kills/min   0.00  ms/step 4.46
lurker     hunter  hits/min   4.67  kills/min   5.22  ms/step 2.82
stampede   wander  hits/min  10.44  kills/min   0.00  ms/step 7.21
stampede   evader  hits/min   0.00  kills/min   0.00  ms/step 7.08
stampede   hunter  hits/min  13.33  kills/min   3.56  ms/step 7.39
leviathan  wander  hits/min   0.56  kills/min   0.00  ms/step 6.46
leviathan  evader  hits/min   0.00  kills/min   0.00  ms/step 6.30
leviathan  hunter  hits/min  12.33  kills/min  38.00  ms/step 5.11
mobber     wander  hits/min   3.11  kills/min   0.00  ms/step 3.08
mobber     evader  hits/min   0.00  kills/min   0.00  ms/step 3.08
mobber     hunter  hits/min  25.22  kills/min  26.67  ms/step 3.18
grazer     wander  hits/min   0.00  kills/min   0.00  ms/step 26.73
grazer     evader  hits/min   0.00  kills/min   0.00  ms/step 26.71
grazer     hunter  hits/min   0.00  kills/min  29.33  ms/step 26.11
fortress   wander  hits/min   0.11  kills/min   0.00  ms/step 8.38
fortress   evader  hits/min   0.00  kills/min   0.00  ms/step 7.55
fortress   hunter  hits/min   1.33  kills/min   7.67  ms/step 9.15
snaptrap   wander  hits/min   7.44  kills/min   0.00  ms/step 5.05
snaptrap   reader  hits/min   0.22  kills/min   0.00  ms/step 5.98
snaptrap   cutter  hits/min  23.33  kills/min  24.56  ms/step 4.24
366s
