# Flight fidelity gate (generated by flight/fidelity.py)

### JS vs Python, both at the Python's step (dt 0.1 s) - the PORT

| species | metric | JS | Python | tolerance | agree |
|---|---|---|---|---|---|
| pack | hits/min wander | 4.67 | 5.66 | 1.83 | yes |
| pack | hits/min evader | 0.00 | 0.00 | 1.00 | yes |
| pack | hits/min hunter | 2.50 | 2.56 | 1.00 | yes |
| pack | payoff/min (hunter) | 4.67 | 4.67 | 1.40 | yes |
| pack | counterplay (evader/wander) | 0.00 | 0.00 | 0.15 | yes |
| pack | telegraphed share of first strikes | 0.69 | 0.81 | 0.24 | yes |
| pack | telegraph first strike s (telegraphed) | 0.90 | 0.90 | 0.27 | yes |
| pack | telegraph (shared) s | 1.50 | 1.20 | 0.45 | yes |
| pack | feel speed_rel | 0.52 | 0.61 | 0.15 | yes |
| pack | feel approach | -12.76 | -13.38 | 7.16 | yes |
| pack | feel coherence | 0.64 | 0.73 | 0.15 | yes |
| pack | feel burstiness | 1.38 | 1.28 | 0.50 | yes |
| pack | feel jerk_rel | 0.58 | 0.31 | 0.30 | yes |
| pack | feel size | 12.00 | 12.00 | 1.80 | yes |
| thief | hits/min wander | 24.50 | 29.45 | 20.00 | yes |
| thief | hits/min evader | 3.42 | 5.33 | 9.25 | yes |
| thief | hits/min hunter | 60.17 | 56.11 | 22.62 | yes |
| thief | payoff/min (hunter) | 7.17 | 5.89 | 3.08 | yes |
| thief | counterplay (evader/wander) | 0.14 | 0.18 | 0.42 | yes |
| thief | telegraphed share of first strikes | 0.71 | 0.76 | 0.23 | yes |
| thief | telegraph first strike s (telegraphed) | 1.80 | 1.90 | 0.57 | yes |
| thief | telegraph (shared) s | 0.23 | 0.20 | 0.25 | yes |
| thief | feel speed_rel | 0.35 | 0.34 | 0.09 | yes |
| thief | feel approach | 5.81 | 10.65 | 9.66 | yes |
| thief | feel coherence | 0.46 | 0.46 | 0.09 | yes |
| thief | feel burstiness | 2.40 | 2.75 | 0.83 | yes |
| thief | feel jerk_rel | 1.25 | 1.20 | 0.38 | yes |
| thief | feel size | 2.20 | 2.20 | 0.50 | yes |
| locust | hits/min wander | 40.17 | 28.89 | 44.06 | yes |
| locust | hits/min evader | 0.00 | 0.00 | 1.00 | yes |
| locust | hits/min hunter | 5.75 | 8.89 | 7.34 | yes |
| locust | payoff/min (hunter) | 20.17 | 30.00 | 15.98 | yes |
| locust | counterplay (evader/wander) | 0.00 | 0.00 | 0.15 | yes |
| locust | telegraphed share of first strikes | 0.82 | 0.77 | 0.34 | yes |
| locust | telegraph first strike s (telegraphed) | 0.65 | 0.90 | 1.40 | yes |
| locust | telegraph (shared) s | 0.10 | 0.03 | 0.25 | yes |
| locust | feel speed_rel | 0.66 | 0.55 | 0.16 | yes |
| locust | feel approach | 9.59 | 11.19 | 16.64 | yes |
| locust | feel coherence | 0.61 | 0.58 | 0.12 | yes |
| locust | feel burstiness | 1.73 | 2.00 | 0.60 | yes |
| locust | feel jerk_rel | 0.76 | 0.94 | 0.67 | yes |
| locust | feel size | 2.88 | 2.84 | 0.50 | yes |
| lurker | hits/min wander | 1.25 | 0.45 | 1.18 | yes |
| lurker | hits/min evader | 0.50 | 0.00 | 1.00 | yes |
| lurker | hits/min hunter | 4.50 | 4.67 | 2.24 | yes |
| lurker | payoff/min (hunter) | 5.00 | 5.22 | 2.41 | yes |
| lurker | counterplay (evader/wander) | 0.40 | 0.00 | - | yes (wanderer hit < 1/min on a side: not resolvable) |
| lurker | telegraphed share of first strikes | 1.00 | 1.00 | 0.30 | yes |
| lurker | telegraph first strike s (telegraphed) | 0.90 | 0.80 | 0.27 | yes |
| lurker | telegraph (shared) s | 0.90 | 0.80 | 0.27 | yes |
| lurker | feel speed_rel | 0.00 | 0.00 | 0.05 | yes |
| lurker | feel approach | -4.98 | -5.36 | 8.12 | yes |
| lurker | feel coherence | 0.18 | 0.19 | 0.05 | yes |
| lurker | feel burstiness | 35854000.73 | 35000000.00 | 10756200.22 | yes |
| lurker | feel jerk_rel | 381.98 | 190.24 | 465.91 | yes |
| lurker | feel size | 4.00 | 4.00 | 0.60 | yes |
| stampede | hits/min wander | 7.92 | 10.44 | 7.95 | yes |
| stampede | hits/min evader | 0.00 | 0.00 | 1.00 | yes |
| stampede | hits/min hunter | 18.08 | 13.33 | 7.92 | yes |
| stampede | payoff/min (hunter) | 3.58 | 3.56 | 2.18 | yes |
| stampede | counterplay (evader/wander) | 0.00 | 0.00 | 0.15 | yes |
| stampede | telegraphed share of first strikes | 0.57 | 0.44 | 0.18 | yes |
| stampede | telegraph first strike s (telegraphed) | 0.70 | 1.00 | 0.40 | yes |
| stampede | telegraph (shared) s | 0.10 | 0.10 | 0.25 | yes |
| stampede | feel speed_rel | 0.17 | 0.17 | 0.05 | yes |
| stampede | feel approach | 9.45 | 14.22 | 17.05 | yes |
| stampede | feel coherence | 0.83 | 0.82 | 0.17 | yes |
| stampede | feel burstiness | 3.26 | 3.26 | 0.98 | yes |
| stampede | feel jerk_rel | 0.33 | 0.35 | 0.10 | yes |
| stampede | feel size | 10.00 | 10.00 | 1.50 | yes |
| leviathan | hits/min wander | 0.42 | 0.56 | 1.00 | yes |
| leviathan | hits/min evader | 0.00 | 0.00 | 1.00 | yes |
| leviathan | hits/min hunter | 14.17 | 12.33 | 4.25 | yes |
| leviathan | payoff/min (hunter) | 39.17 | 38.00 | 11.75 | yes |
| leviathan | counterplay (evader/wander) | 0.00 | 0.00 | - | yes (wanderer hit < 1/min on a side: not resolvable) |
| leviathan | telegraphed share of first strikes | 1.00 | 1.00 | 0.30 | yes |
| leviathan | telegraph first strike s (telegraphed) | 0.90 | 0.90 | 0.27 | yes |
| leviathan | telegraph (shared) s | 0.90 | 0.93 | 0.28 | yes |
| leviathan | feel speed_rel | 0.28 | 0.28 | 0.07 | yes |
| leviathan | feel approach | 6.82 | -4.76 | 19.06 | yes |
| leviathan | feel coherence | 0.97 | 0.96 | 0.19 | yes |
| leviathan | feel burstiness | 2.28 | 2.08 | 0.68 | yes |
| leviathan | feel jerk_rel | 0.04 | 0.04 | 0.05 | yes |
| leviathan | feel size | 5.00 | 5.00 | 0.75 | yes |
| mobber | hits/min wander | 3.67 | 3.11 | 6.71 | yes |
| mobber | hits/min evader | 0.00 | 0.00 | 1.00 | yes |
| mobber | hits/min hunter | 28.17 | 25.22 | 8.45 | yes |
| mobber | payoff/min (hunter) | 27.42 | 26.67 | 8.22 | yes |
| mobber | counterplay (evader/wander) | 0.00 | 0.00 | 0.15 | yes |
| mobber | telegraphed share of first strikes | 1.00 | 1.00 | 0.30 | yes |
| mobber | telegraph first strike s (telegraphed) | 1.00 | 0.90 | 0.30 | yes |
| mobber | telegraph (shared) s | 0.20 | 0.15 | 0.32 | yes |
| mobber | feel speed_rel | 0.22 | 0.22 | 0.05 | yes |
| mobber | feel approach | 0.90 | -2.35 | 6.61 | yes |
| mobber | feel coherence | 0.32 | 0.29 | 0.06 | yes |
| mobber | feel burstiness | 2.04 | 1.85 | 0.61 | yes |
| mobber | feel jerk_rel | 2.06 | 2.14 | 0.64 | yes |
| mobber | feel size | 1.50 | 1.50 | 0.50 | yes |
| grazer | hits/min wander | 0.00 | 0.00 | 1.00 | yes |
| grazer | hits/min evader | 0.00 | 0.00 | 1.00 | yes |
| grazer | hits/min hunter | 0.00 | 0.00 | 1.00 | yes |
| grazer | payoff/min (hunter) | 32.58 | 29.33 | 12.24 | yes |
| grazer | counterplay (evader/wander) | - | - | - | yes (wanderer hit < 1/min on a side: not resolvable) |
| grazer | telegraphed share of first strikes | - | - | - | yes (undefined both) |
| grazer | telegraph first strike s (telegraphed) | - | - | - | yes (undefined both) |
| grazer | telegraph (shared) s | - | - | - | yes (undefined both) |
| grazer | feel speed_rel | 0.17 | 0.17 | 0.05 | yes |
| grazer | feel approach | -1.48 | 2.59 | 6.00 | yes |
| grazer | feel coherence | 0.85 | 0.85 | 0.17 | yes |
| grazer | feel burstiness | 1.38 | 1.38 | 0.50 | yes |
| grazer | feel jerk_rel | 0.31 | 0.31 | 0.09 | yes |
| grazer | feel size | 2.50 | 2.50 | 0.50 | yes |
| fortress | hits/min wander | 0.08 | 0.11 | 1.00 | yes |
| fortress | hits/min evader | 0.00 | 0.00 | 1.00 | yes |
| fortress | hits/min hunter | 1.00 | 1.33 | 1.00 | yes |
| fortress | payoff/min (hunter) | 5.58 | 7.67 | 2.43 | yes |
| fortress | counterplay (evader/wander) | 0.00 | 0.00 | - | yes (wanderer hit < 1/min on a side: not resolvable) |
| fortress | telegraphed share of first strikes | 1.00 | 0.82 | 0.30 | yes |
| fortress | telegraph first strike s (telegraphed) | 0.60 | 0.50 | 0.25 | yes |
| fortress | telegraph (shared) s | 0.60 | 0.65 | 0.34 | yes |
| fortress | feel speed_rel | 0.29 | 0.29 | 0.07 | yes |
| fortress | feel approach | 6.61 | -2.46 | 11.36 | yes |
| fortress | feel coherence | 0.32 | 0.33 | 0.07 | yes |
| fortress | feel burstiness | 1.76 | 1.75 | 0.53 | yes |
| fortress | feel jerk_rel | 0.08 | 0.08 | 0.05 | yes |
| fortress | feel size | 3.00 | 3.00 | 0.50 | yes |
| snaptrap | hits/min wander | 5.00 | 7.44 | 4.77 | yes |
| snaptrap | hits/min reader | 0.33 | 0.22 | 1.00 | yes |
| snaptrap | hits/min cutter | 19.67 | 23.34 | 7.00 | yes |
| snaptrap | payoff/min (cutter) | 23.67 | 24.56 | 7.37 | yes |
| snaptrap | counterplay (reader/wander) | 0.07 | 0.03 | 0.15 | yes |
| snaptrap | telegraphed share of first strikes | 0.93 | 0.97 | 0.29 | yes |
| snaptrap | telegraph first strike s (telegraphed) | 0.80 | 0.90 | 0.43 | yes |
| snaptrap | telegraph (shared) s | 1.80 | 1.90 | 0.68 | yes |
| snaptrap | feel speed_rel | 0.00 | 0.00 | 0.05 | yes |
| snaptrap | feel approach | -3.62 | -4.51 | 6.00 | yes |
| snaptrap | feel coherence | 0.00 | 0.00 | 0.05 | yes |
| snaptrap | feel burstiness | 0.00 | 0.00 | 0.50 | yes |
| snaptrap | feel jerk_rel | 68981.29 | 19407.42 | 167035.95 | yes |
| snaptrap | feel size | 30.00 | 30.00 | 4.50 | yes |

Verdict: pack PASS, thief PASS, locust PASS, lurker PASS, stampede PASS, leviathan PASS, mobber PASS, grazer PASS, fortress PASS, snaptrap PASS

### JS at the page's step (dt 1/30 s) vs Python at dt 0.1 s - the port PLUS step size

| species | metric | JS | Python | tolerance | agree |
|---|---|---|---|---|---|
| pack | hits/min wander | 4.50 | 5.66 | 2.23 | yes |
| pack | hits/min evader | 0.00 | 0.00 | 1.00 | yes |
| pack | hits/min hunter | 3.00 | 2.56 | 1.00 | yes |
| pack | payoff/min (hunter) | 4.67 | 4.67 | 1.40 | yes |
| pack | counterplay (evader/wander) | 0.00 | 0.00 | 0.15 | yes |
| pack | telegraphed share of first strikes | 0.64 | 0.81 | 0.24 | yes |
| pack | telegraph first strike s (telegraphed) | 0.90 | 0.90 | 0.27 | yes |
| pack | telegraph (shared) s | 1.17 | 1.20 | 0.36 | yes |
| pack | feel speed_rel | 0.50 | 0.61 | 0.15 | yes |
| pack | feel approach | -14.72 | -13.38 | 6.62 | yes |
| pack | feel coherence | 0.63 | 0.73 | 0.15 | yes |
| pack | feel burstiness | 1.43 | 1.28 | 0.50 | yes |
| pack | feel jerk_rel | 0.42 | 0.31 | 0.29 | yes |
| pack | feel size | 12.00 | 12.00 | 1.80 | yes |
| thief | hits/min wander | 32.50 | 29.45 | 21.52 | yes |
| thief | hits/min evader | 1.50 | 5.33 | 9.04 | yes |
| thief | hits/min hunter | 50.42 | 56.11 | 16.83 | yes |
| thief | payoff/min (hunter) | 7.33 | 5.89 | 3.35 | yes |
| thief | counterplay (evader/wander) | 0.05 | 0.18 | 0.33 | yes |
| thief | telegraphed share of first strikes | 0.84 | 0.76 | 0.25 | yes |
| thief | telegraph first strike s (telegraphed) | 1.90 | 1.90 | 0.57 | yes |
| thief | telegraph (shared) s | 0.17 | 0.20 | 0.25 | yes |
| thief | feel speed_rel | 0.35 | 0.34 | 0.11 | yes |
| thief | feel approach | 7.12 | 10.65 | 10.36 | yes |
| thief | feel coherence | 0.52 | 0.46 | 0.10 | yes |
| thief | feel burstiness | 2.67 | 2.75 | 0.88 | yes |
| thief | feel jerk_rel | 0.98 | 1.20 | 0.36 | yes |
| thief | feel size | 2.20 | 2.20 | 0.50 | yes |
| locust | hits/min wander | 37.92 | 28.89 | 46.79 | yes |
| locust | hits/min evader | 0.00 | 0.00 | 1.00 | yes |
| locust | hits/min hunter | 12.08 | 8.89 | 10.42 | yes |
| locust | payoff/min (hunter) | 41.00 | 30.00 | 23.82 | yes |
| locust | counterplay (evader/wander) | 0.00 | 0.00 | 0.15 | yes |
| locust | telegraphed share of first strikes | 0.88 | 0.77 | 0.28 | yes |
| locust | telegraph first strike s (telegraphed) | 1.55 | 0.90 | 1.73 | yes |
| locust | telegraph (shared) s | 0.05 | 0.03 | 0.25 | yes |
| locust | feel speed_rel | 0.55 | 0.55 | 0.14 | yes |
| locust | feel approach | 0.58 | 11.19 | 16.03 | yes |
| locust | feel coherence | 0.59 | 0.58 | 0.12 | yes |
| locust | feel burstiness | 2.06 | 2.00 | 0.62 | yes |
| locust | feel jerk_rel | 0.92 | 0.94 | 1.36 | yes |
| locust | feel size | 2.91 | 2.84 | 0.50 | yes |
| lurker | hits/min wander | 2.00 | 0.45 | 1.11 | **NO** |
| lurker | hits/min evader | 0.67 | 0.00 | 1.00 | yes |
| lurker | hits/min hunter | 10.58 | 4.67 | 3.17 | **NO** |
| lurker | payoff/min (hunter) | 10.67 | 5.22 | 3.20 | **NO** |
| lurker | counterplay (evader/wander) | 0.33 | 0.00 | - | yes (wanderer hit < 1/min on a side: not resolvable) |
| lurker | telegraphed share of first strikes | 1.00 | 1.00 | 0.30 | yes |
| lurker | telegraph first strike s (telegraphed) | 0.87 | 0.80 | 0.26 | yes |
| lurker | telegraph (shared) s | 0.93 | 0.80 | 0.28 | yes |
| lurker | feel speed_rel | 0.00 | 0.00 | 0.05 | yes |
| lurker | feel approach | -52.52 | -5.36 | 15.76 | **NO** |
| lurker | feel coherence | 0.17 | 0.19 | 0.05 | yes |
| lurker | feel burstiness | 30772522.43 | 35000000.00 | 10500000.00 | yes |
| lurker | feel jerk_rel | 2881.09 | 190.24 | 2113.34 | **NO** |
| lurker | feel size | 4.00 | 4.00 | 0.60 | yes |
| stampede | hits/min wander | 8.50 | 10.44 | 8.97 | yes |
| stampede | hits/min evader | 0.00 | 0.00 | 1.00 | yes |
| stampede | hits/min hunter | 13.00 | 13.33 | 7.91 | yes |
| stampede | payoff/min (hunter) | 3.58 | 3.56 | 2.58 | yes |
| stampede | counterplay (evader/wander) | 0.00 | 0.00 | 0.15 | yes |
| stampede | telegraphed share of first strikes | 0.45 | 0.44 | 0.24 | yes |
| stampede | telegraph first strike s (telegraphed) | 0.79 | 1.00 | 0.44 | yes |
| stampede | telegraph (shared) s | 0.13 | 0.10 | 0.25 | yes |
| stampede | feel speed_rel | 0.17 | 0.17 | 0.05 | yes |
| stampede | feel approach | 9.64 | 14.22 | 15.97 | yes |
| stampede | feel coherence | 0.90 | 0.82 | 0.18 | yes |
| stampede | feel burstiness | 3.18 | 3.26 | 0.98 | yes |
| stampede | feel jerk_rel | 0.15 | 0.35 | 0.10 | **NO** |
| stampede | feel size | 10.00 | 10.00 | 1.50 | yes |
| leviathan | hits/min wander | 0.33 | 0.56 | 1.00 | yes |
| leviathan | hits/min evader | 0.00 | 0.00 | 1.00 | yes |
| leviathan | hits/min hunter | 9.42 | 12.33 | 3.70 | yes |
| leviathan | payoff/min (hunter) | 40.00 | 38.00 | 13.88 | yes |
| leviathan | counterplay (evader/wander) | 0.00 | 0.00 | - | yes (wanderer hit < 1/min on a side: not resolvable) |
| leviathan | telegraphed share of first strikes | 1.00 | 1.00 | 0.30 | yes |
| leviathan | telegraph first strike s (telegraphed) | 1.07 | 0.90 | 0.32 | yes |
| leviathan | telegraph (shared) s | 0.85 | 0.93 | 0.28 | yes |
| leviathan | feel speed_rel | 0.28 | 0.28 | 0.07 | yes |
| leviathan | feel approach | 12.34 | -4.76 | 14.42 | **NO** |
| leviathan | feel coherence | 0.96 | 0.96 | 0.19 | yes |
| leviathan | feel burstiness | 2.25 | 2.08 | 0.67 | yes |
| leviathan | feel jerk_rel | 0.04 | 0.04 | 0.05 | yes |
| leviathan | feel size | 5.00 | 5.00 | 0.75 | yes |
| mobber | hits/min wander | 1.75 | 3.11 | 6.01 | yes |
| mobber | hits/min evader | 0.00 | 0.00 | 1.00 | yes |
| mobber | hits/min hunter | 23.58 | 25.22 | 7.71 | yes |
| mobber | payoff/min (hunter) | 18.33 | 26.67 | 8.00 | **NO** |
| mobber | counterplay (evader/wander) | 0.00 | 0.00 | 0.15 | yes |
| mobber | telegraphed share of first strikes | 1.00 | 1.00 | 0.30 | yes |
| mobber | telegraph first strike s (telegraphed) | 0.97 | 0.90 | 0.29 | yes |
| mobber | telegraph (shared) s | 0.24 | 0.15 | 0.25 | yes |
| mobber | feel speed_rel | 0.13 | 0.22 | 0.05 | **NO** |
| mobber | feel approach | 2.35 | -2.35 | 6.37 | yes |
| mobber | feel coherence | 0.31 | 0.29 | 0.06 | yes |
| mobber | feel burstiness | 2.63 | 1.85 | 0.79 | yes |
| mobber | feel jerk_rel | 1.54 | 2.14 | 0.64 | yes |
| mobber | feel size | 1.50 | 1.50 | 0.50 | yes |
| grazer | hits/min wander | 0.00 | 0.00 | 1.00 | yes |
| grazer | hits/min evader | 0.00 | 0.00 | 1.00 | yes |
| grazer | hits/min hunter | 0.00 | 0.00 | 1.00 | yes |
| grazer | payoff/min (hunter) | 34.42 | 29.33 | 14.40 | yes |
| grazer | counterplay (evader/wander) | - | - | - | yes (wanderer hit < 1/min on a side: not resolvable) |
| grazer | telegraphed share of first strikes | - | - | - | yes (undefined both) |
| grazer | telegraph first strike s (telegraphed) | - | - | - | yes (undefined both) |
| grazer | telegraph (shared) s | - | - | - | yes (undefined both) |
| grazer | feel speed_rel | 0.17 | 0.17 | 0.05 | yes |
| grazer | feel approach | -2.43 | 2.59 | 6.00 | yes |
| grazer | feel coherence | 0.90 | 0.85 | 0.18 | yes |
| grazer | feel burstiness | 1.32 | 1.38 | 0.50 | yes |
| grazer | feel jerk_rel | 0.17 | 0.31 | 0.09 | **NO** |
| grazer | feel size | 2.50 | 2.50 | 0.50 | yes |
| fortress | hits/min wander | 0.00 | 0.11 | 1.00 | yes |
| fortress | hits/min evader | 0.00 | 0.00 | 1.00 | yes |
| fortress | hits/min hunter | 0.75 | 1.33 | 1.03 | yes |
| fortress | payoff/min (hunter) | 7.08 | 7.67 | 2.46 | yes |
| fortress | counterplay (evader/wander) | - | 0.00 | - | yes (wanderer hit < 1/min on a side: not resolvable) |
| fortress | telegraphed share of first strikes | 0.88 | 0.82 | 0.40 | yes |
| fortress | telegraph first strike s (telegraphed) | 0.47 | 0.50 | 0.34 | yes |
| fortress | telegraph (shared) s | 0.57 | 0.65 | 0.42 | yes |
| fortress | feel speed_rel | 0.29 | 0.29 | 0.07 | yes |
| fortress | feel approach | -2.21 | -2.46 | 6.00 | yes |
| fortress | feel coherence | 0.31 | 0.33 | 0.07 | yes |
| fortress | feel burstiness | 1.64 | 1.75 | 0.53 | yes |
| fortress | feel jerk_rel | 0.28 | 0.08 | 0.08 | **NO** |
| fortress | feel size | 3.00 | 3.00 | 0.50 | yes |
| snaptrap | hits/min wander | 5.08 | 7.44 | 4.84 | yes |
| snaptrap | hits/min reader | 0.42 | 0.22 | 1.00 | yes |
| snaptrap | hits/min cutter | 19.33 | 23.34 | 7.00 | yes |
| snaptrap | payoff/min (cutter) | 22.92 | 24.56 | 7.37 | yes |
| snaptrap | counterplay (reader/wander) | 0.08 | 0.03 | 0.15 | yes |
| snaptrap | telegraphed share of first strikes | 0.97 | 0.97 | 0.29 | yes |
| snaptrap | telegraph first strike s (telegraphed) | 0.80 | 0.90 | 0.36 | yes |
| snaptrap | telegraph (shared) s | 1.97 | 1.90 | 0.59 | yes |
| snaptrap | feel speed_rel | 0.00 | 0.00 | 0.05 | yes |
| snaptrap | feel approach | -3.66 | -4.51 | 6.00 | yes |
| snaptrap | feel coherence | 0.00 | 0.00 | 0.05 | yes |
| snaptrap | feel burstiness | 0.00 | 0.00 | 0.50 | yes |
| snaptrap | feel jerk_rel | 92140.34 | 19407.42 | 167135.16 | yes |
| snaptrap | feel size | 30.00 | 30.00 | 4.50 | yes |

Verdict: pack PASS, thief PASS, locust PASS, lurker **FAIL**, stampede **FAIL**, leviathan **FAIL**, mobber **FAIL**, grazer **FAIL**, fortress **FAIL**, snaptrap PASS

### JS vs Python, both at the page's step (dt 1/30 s, probe at 10 Hz)

| species | metric | JS | Python | tolerance | agree |
|---|---|---|---|---|---|
| lurker | hits/min wander | 2.00 | 0.89 | 1.30 | yes |
| lurker | hits/min evader | 0.67 | 0.33 | 1.00 | yes |
| lurker | hits/min hunter | 10.58 | 10.67 | 3.20 | yes |
| lurker | payoff/min (hunter) | 10.67 | 10.67 | 3.20 | yes |
| lurker | counterplay (evader/wander) | 0.33 | 0.37 | - | yes (wanderer hit < 1/min on a side: not resolvable) |
| lurker | telegraphed share of first strikes | 1.00 | 1.00 | 0.30 | yes |
| lurker | telegraph first strike s (telegraphed) | 0.87 | 0.87 | 0.26 | yes |
| lurker | telegraph (shared) s | 0.93 | 0.87 | 0.28 | yes |
| lurker | feel speed_rel | 0.00 | 0.00 | 0.05 | yes |
| lurker | feel approach | -52.52 | -50.86 | 15.76 | yes |
| lurker | feel coherence | 0.17 | 0.16 | 0.05 | yes |
| lurker | feel burstiness | 30772522.43 | 29382877.22 | 9231756.73 | yes |
| lurker | feel jerk_rel | 2881.09 | 1805.46 | 2215.46 | yes |
| lurker | feel size | 4.00 | 4.00 | 0.60 | yes |
| stampede | hits/min wander | 8.50 | 8.33 | 6.83 | yes |
| stampede | hits/min evader | 0.00 | 0.00 | 1.00 | yes |
| stampede | hits/min hunter | 13.00 | 16.34 | 7.28 | yes |
| stampede | payoff/min (hunter) | 3.58 | 2.89 | 2.15 | yes |
| stampede | counterplay (evader/wander) | 0.00 | 0.00 | 0.15 | yes |
| stampede | telegraphed share of first strikes | 0.45 | 0.47 | 0.25 | yes |
| stampede | telegraph first strike s (telegraphed) | 0.79 | 0.93 | 0.48 | yes |
| stampede | telegraph (shared) s | 0.13 | 0.08 | 0.25 | yes |
| stampede | feel speed_rel | 0.17 | 0.16 | 0.05 | yes |
| stampede | feel approach | 9.64 | 20.46 | 22.11 | yes |
| stampede | feel coherence | 0.90 | 0.89 | 0.18 | yes |
| stampede | feel burstiness | 3.18 | 3.27 | 0.98 | yes |
| stampede | feel jerk_rel | 0.15 | 0.16 | 0.05 | yes |
| stampede | feel size | 10.00 | 10.00 | 1.50 | yes |
| leviathan | hits/min wander | 0.33 | 0.67 | 1.00 | yes |
| leviathan | hits/min evader | 0.00 | 0.00 | 1.00 | yes |
| leviathan | hits/min hunter | 9.42 | 7.78 | 3.06 | yes |
| leviathan | payoff/min (hunter) | 40.00 | 34.00 | 16.50 | yes |
| leviathan | counterplay (evader/wander) | 0.00 | 0.00 | - | yes (wanderer hit < 1/min on a side: not resolvable) |
| leviathan | telegraphed share of first strikes | 1.00 | 1.00 | 0.30 | yes |
| leviathan | telegraph first strike s (telegraphed) | 1.07 | 0.93 | 0.32 | yes |
| leviathan | telegraph (shared) s | 0.85 | 0.92 | 0.28 | yes |
| leviathan | feel speed_rel | 0.28 | 0.29 | 0.07 | yes |
| leviathan | feel approach | 12.34 | -8.56 | 18.92 | **NO** |
| leviathan | feel coherence | 0.96 | 0.96 | 0.19 | yes |
| leviathan | feel burstiness | 2.25 | 2.11 | 0.67 | yes |
| leviathan | feel jerk_rel | 0.04 | 0.04 | 0.05 | yes |
| leviathan | feel size | 5.00 | 5.00 | 0.75 | yes |
| mobber | hits/min wander | 1.75 | 1.78 | 4.79 | yes |
| mobber | hits/min evader | 0.00 | 0.00 | 1.00 | yes |
| mobber | hits/min hunter | 23.58 | 24.33 | 9.39 | yes |
| mobber | payoff/min (hunter) | 18.33 | 17.67 | 8.55 | yes |
| mobber | counterplay (evader/wander) | 0.00 | 0.00 | 0.15 | yes |
| mobber | telegraphed share of first strikes | 1.00 | 0.94 | 0.30 | yes |
| mobber | telegraph first strike s (telegraphed) | 0.97 | 0.97 | 0.29 | yes |
| mobber | telegraph (shared) s | 0.24 | 0.34 | 0.39 | yes |
| mobber | feel speed_rel | 0.13 | 0.13 | 0.05 | yes |
| mobber | feel approach | 2.35 | 1.90 | 6.27 | yes |
| mobber | feel coherence | 0.31 | 0.30 | 0.06 | yes |
| mobber | feel burstiness | 2.63 | 2.57 | 0.79 | yes |
| mobber | feel jerk_rel | 1.54 | 1.58 | 0.47 | yes |
| mobber | feel size | 1.50 | 1.50 | 0.50 | yes |
| grazer | hits/min wander | 0.00 | 0.00 | 1.00 | yes |
| grazer | hits/min evader | 0.00 | 0.00 | 1.00 | yes |
| grazer | hits/min hunter | 0.00 | 0.00 | 1.00 | yes |
| grazer | payoff/min (hunter) | 34.42 | 27.67 | 12.32 | yes |
| grazer | counterplay (evader/wander) | - | - | - | yes (wanderer hit < 1/min on a side: not resolvable) |
| grazer | telegraphed share of first strikes | - | - | - | yes (undefined both) |
| grazer | telegraph first strike s (telegraphed) | - | - | - | yes (undefined both) |
| grazer | telegraph (shared) s | - | - | - | yes (undefined both) |
| grazer | feel speed_rel | 0.17 | 0.17 | 0.05 | yes |
| grazer | feel approach | -2.43 | 1.10 | 6.00 | yes |
| grazer | feel coherence | 0.90 | 0.89 | 0.18 | yes |
| grazer | feel burstiness | 1.32 | 1.32 | 0.50 | yes |
| grazer | feel jerk_rel | 0.17 | 0.22 | 0.10 | yes |
| grazer | feel size | 2.50 | 2.50 | 0.50 | yes |
| fortress | hits/min wander | 0.00 | 0.22 | 1.00 | yes |
| fortress | hits/min evader | 0.00 | 0.00 | 1.00 | yes |
| fortress | hits/min hunter | 0.75 | 1.22 | 1.17 | yes |
| fortress | payoff/min (hunter) | 7.08 | 9.56 | 3.68 | yes |
| fortress | counterplay (evader/wander) | - | 0.00 | - | yes (wanderer hit < 1/min on a side: not resolvable) |
| fortress | telegraphed share of first strikes | 0.88 | 0.73 | 0.45 | yes |
| fortress | telegraph first strike s (telegraphed) | 0.47 | 0.72 | 0.43 | yes |
| fortress | telegraph (shared) s | 0.57 | 0.67 | 0.55 | yes |
| fortress | feel speed_rel | 0.29 | 0.29 | 0.07 | yes |
| fortress | feel approach | -2.21 | 0.04 | 6.00 | yes |
| fortress | feel coherence | 0.31 | 0.32 | 0.07 | yes |
| fortress | feel burstiness | 1.64 | 1.77 | 0.53 | yes |
| fortress | feel jerk_rel | 0.28 | 0.27 | 0.08 | yes |
| fortress | feel size | 3.00 | 3.00 | 0.50 | yes |

Verdict: lurker PASS, stampede PASS, leviathan **FAIL**, mobber PASS, grazer PASS, fortress PASS

### leviathan: 24 seeds per side (the 6-8 seed run disagreed on one feel axis)

| species | metric | JS | Python | tolerance | agree |
|---|---|---|---|---|---|
| leviathan | hits/min wander | 0.42 | 0.33 | 1.00 | yes |
| leviathan | hits/min evader | 0.00 | 0.00 | 1.00 | yes |
| leviathan | hits/min hunter | 13.47 | 12.75 | 4.04 | yes |
| leviathan | payoff/min (hunter) | 35.58 | 34.83 | 10.68 | yes |
| leviathan | counterplay (evader/wander) | 0.00 | 0.00 | - | yes (wanderer hit < 1/min on a side: not resolvable) |
| leviathan | telegraphed share of first strikes | 1.00 | 1.00 | 0.30 | yes |
| leviathan | telegraph first strike s (telegraphed) | 0.90 | 0.90 | 0.27 | yes |
| leviathan | telegraph (shared) s | 0.90 | 0.90 | 0.27 | yes |
| leviathan | feel speed_rel | 0.29 | 0.29 | 0.07 | yes |
| leviathan | feel approach | 4.29 | 7.39 | 9.93 | yes |
| leviathan | feel coherence | 0.97 | 0.96 | 0.19 | yes |
| leviathan | feel burstiness | 2.25 | 2.27 | 0.68 | yes |
| leviathan | feel jerk_rel | 0.04 | 0.04 | 0.05 | yes |
| leviathan | feel size | 5.00 | 5.00 | 0.75 | yes |

Verdict: leviathan PASS

### Negative control `thief.WARM=1e9` (a thief that wants ANY trail (the 'cold' ablation as a parameter))

Gate FAILED as required; disagreeing metrics: hits/min wander, feel coherence, feel burstiness.

### Negative control `lurker.GAPE=0.05` (a lurker whose gape is 0.05 s (no telegraph))

Gate FAILED as required; disagreeing metrics: hits/min hunter, payoff/min (hunter), telegraphed share of first strikes, telegraph first strike s (telegraphed), telegraph (shared) s, feel approach, feel jerk_rel.

### Negative control `pack.SPRINT=60` (a pack that cannot sprint (60 u/s))

Gate FAILED as required; disagreeing metrics: hits/min wander, hits/min hunter, telegraphed share of first strikes, telegraph first strike s (telegraphed), telegraph (shared) s.

