fortress   wander  hits/min   0.22  kills/min   0.00  ms/step 9.96
fortress   evader  hits/min   0.00  kills/min   0.00  ms/step 9.81
fortress   hunter  hits/min   1.22  kills/min   9.56  ms/step 11.12
grazer     wander  hits/min   0.00  kills/min   0.00  ms/step 34.92
grazer     evader  hits/min   0.00  kills/min   0.00  ms/step 25.82
grazer     hunter  hits/min   0.00  kills/min  27.67  ms/step 25.49
leviathan  wander  hits/min   0.67  kills/min   0.00  ms/step 4.05
leviathan  evader  hits/min   0.00  kills/min   0.00  ms/step 4.24
leviathan  hunter  hits/min   7.78  kills/min  34.00  ms/step 4.20
lurker     wander  hits/min   0.89  kills/min   0.00  ms/step 4.79
lurker     evader  hits/min   0.00  kills/min   0.00  ms/step 4.71
lurker     hunter  hits/min  10.67  kills/min  10.67  ms/step 2.53
mobber     wander  hits/min   1.78  kills/min   0.00  ms/step 3.29
mobber     evader  hits/min   0.00  kills/min   0.00  ms/step 3.26
mobber     hunter  hits/min  24.33  kills/min  17.67  ms/step 3.27
pack       wander  hits/min   5.11  kills/min   0.00  ms/step 2.61
pack       evader  hits/min   0.00  kills/min   0.00  ms/step 2.53
pack       hunter  hits/min   1.89  kills/min   4.67  ms/step 1.89
stampede   wander  hits/min   8.33  kills/min   0.00  ms/step 7.46
stampede   evader  hits/min   0.00  kills/min   0.00  ms/step 7.45
stampede   hunter  hits/min  15.56  kills/min   2.89  ms/step 6.93
741s
